[    0.000000] Linux version 4.19.90-2003.4.0.0036.oe1.x86_64 (abuild@ecs-obsworker-201) (gcc version 7.3.0 (GCC)) #1 SMP Mon Mar 23 19:10:41 UTC 2020
[    0.000000] Command line: BOOT_IMAGE=/boot/vmlinuz-4.19.90-2003.4.0.0036.oe1.x86_64 root=UUID=578a44d8-daaa-4a8f-9014-336283056530 ro net.ifnames=0 consoleblank=600 console=tty0 console=ttyS0,115200n8 spectre_v2=off nopti noibrs noibpb crashkernel=512M
[    0.000000] x86/fpu: Supporting XSAVE feature 0x001: 'x87 floating point registers'
[    0.000000] x86/fpu: Supporting XSAVE feature 0x002: 'SSE registers'
[    0.000000] x86/fpu: Supporting XSAVE feature 0x004: 'AVX registers'
[    0.000000] x86/fpu: Supporting XSAVE feature 0x020: 'AVX-512 opmask'
[    0.000000] x86/fpu: Supporting XSAVE feature 0x040: 'AVX-512 Hi256'
[    0.000000] x86/fpu: Supporting XSAVE feature 0x080: 'AVX-512 ZMM_Hi256'
[    0.000000] x86/fpu: xstate_offset[2]:  576, xstate_sizes[2]:  256
[    0.000000] x86/fpu: xstate_offset[5]:  832, xstate_sizes[5]:   64
[    0.000000] x86/fpu: xstate_offset[6]:  896, xstate_sizes[6]:  512
[    0.000000] x86/fpu: xstate_offset[7]: 1408, xstate_sizes[7]: 1024
[    0.000000] x86/fpu: Enabled xstate features 0xe7, context size is 2432 bytes, using 'compacted' format.
[    0.000000] BIOS-provided physical RAM map:
[    0.000000] BIOS-e820: [mem 0x0000000000000000-0x000000000009fbff] usable
[    0.000000] BIOS-e820: [mem 0x000000000009fc00-0x000000000009ffff] reserved
[    0.000000] BIOS-e820: [mem 0x00000000000f0000-0x00000000000fffff] reserved
[    0.000000] BIOS-e820: [mem 0x0000000000100000-0x00000000bff7ffff] usable
[    0.000000] BIOS-e820: [mem 0x00000000bff80000-0x00000000bfffffff] reserved
[    0.000000] BIOS-e820: [mem 0x00000000feffc000-0x00000000feffffff] reserved
[    0.000000] BIOS-e820: [mem 0x00000000fffc0000-0x00000000ffffffff] reserved
[    0.000000] BIOS-e820: [mem 0x0000000100000000-0x00000001385fffff] usable
[    0.000000] BIOS-e820: [mem 0x0000000138600000-0x000000013fffffff] reserved
[    0.000000] NX (Execute Disable) protection: active
[    0.000000] SMBIOS 2.8 present.
[    0.000000] DMI: Huawei Cloud OpenStack Nova, BIOS  
[    0.000000] Hypervisor detected: KVM
[    0.000000] kvm-clock: Using msrs 4b564d01 and 4b564d00
[    0.000000] kvm-clock: cpu 0, msr 5c801001, primary cpu clock
[    0.000000] kvm-clock: using sched offset of 8387431024 cycles
[    0.000001] clocksource: kvm-clock: mask: 0xffffffffffffffff max_cycles: 0x1cd42e4dffb, max_idle_ns: 881590591483 ns
[    0.000006] tsc: Detected 2799.974 MHz processor
[    0.001385] e820: update [mem 0x00000000-0x00000fff] usable ==> reserved
[    0.001386] e820: remove [mem 0x000a0000-0x000fffff] usable
[    0.001389] last_pfn = 0x138600 max_arch_pfn = 0x400000000
[    0.001408] MTRR default type: write-back
[    0.001409] MTRR fixed ranges enabled:
[    0.001409]   00000-9FFFF write-back
[    0.001410]   A0000-BFFFF uncachable
[    0.001410]   C0000-FFFFF write-protect
[    0.001411] MTRR variable ranges enabled:
[    0.001412]   0 base 000C0000000 mask 3FFC0000000 uncachable
[    0.001412]   1 disabled
[    0.001412]   2 disabled
[    0.001413]   3 disabled
[    0.001413]   4 disabled
[    0.001413]   5 disabled
[    0.001413]   6 disabled
[    0.001414]   7 disabled
[    0.001420] x86/PAT: Configuration [0-7]: WB  WC  UC- UC  WB  WP  UC- WT  
[    0.001425] last_pfn = 0xbff80 max_arch_pfn = 0x400000000
[    0.006770] found SMP MP-table at [mem 0x000f5690-0x000f569f]
[    0.006878] Using GB pages for direct mapping
[    0.006881] BRK [0x5ca01000, 0x5ca01fff] PGTABLE
[    0.006882] BRK [0x5ca02000, 0x5ca02fff] PGTABLE
[    0.006883] BRK [0x5ca03000, 0x5ca03fff] PGTABLE
[    0.006905] BRK [0x5ca04000, 0x5ca04fff] PGTABLE
[    0.006906] BRK [0x5ca05000, 0x5ca05fff] PGTABLE
[    0.007024] RAMDISK: [mem 0x35593000-0x36ac1fff]
[    0.007033] ACPI: Early table checksum verification disabled
[    0.007063] ACPI: RSDP 0x00000000000F5460 000014 (v00 BOCHS )
[    0.007068] ACPI: RSDT 0x00000000BFFE507E 000034 (v01 BOCHS  BXPCRSDT 00000001 BXPC 00000001)
[    0.007072] ACPI: FACP 0x00000000BFFE4E9A 000074 (v01 BOCHS  BXPCFACP 00000001 BXPC 00000001)
[    0.007076] ACPI: DSDT 0x00000000BFFE0040 004E5A (v01 BOCHS  BXPCDSDT 00000001 BXPC 00000001)
[    0.007078] ACPI: FACS 0x00000000BFFE0000 000040
[    0.007080] ACPI: APIC 0x00000000BFFE4F0E 000080 (v01 BOCHS  BXPCAPIC 00000001 BXPC 00000001)
[    0.007082] ACPI: SRAT 0x00000000BFFE4F8E 0000C8 (v01 BOCHS  BXPCSRAT 00000001 BXPC 00000001)
[    0.007084] ACPI: WAET 0x00000000BFFE5056 000028 (v01 BOCHS  BXPCWAET 00000001 BXPC 00000001)
[    0.007090] ACPI: Local APIC address 0xfee00000
[    0.007127] SRAT: PXM 0 -> APIC 0x00 -> Node 0
[    0.007127] SRAT: PXM 0 -> APIC 0x01 -> Node 0
[    0.007129] ACPI: SRAT: Node 0 PXM 0 [mem 0x00000000-0x0009ffff]
[    0.007130] ACPI: SRAT: Node 0 PXM 0 [mem 0x00100000-0xbfffffff]
[    0.007131] ACPI: SRAT: Node 0 PXM 0 [mem 0x100000000-0x13fffffff]
[    0.007133] NUMA: Node 0 [mem 0x00000000-0x0009ffff] + [mem 0x00100000-0xbfffffff] -> [mem 0x00000000-0xbfffffff]
[    0.007134] NUMA: Node 0 [mem 0x00000000-0xbfffffff] + [mem 0x100000000-0x1385fffff] -> [mem 0x00000000-0x1385fffff]
[    0.007140] NODE_DATA(0) allocated [mem 0x1385d4000-0x1385fdfff]
[    0.007270] Reserving 512MB of memory at 336MB for crashkernel (System RAM: 3973MB)
[    0.007282] Zone ranges:
[    0.007283]   DMA      [mem 0x0000000000001000-0x0000000000ffffff]
[    0.007284]   DMA32    [mem 0x0000000001000000-0x00000000ffffffff]
[    0.007284]   Normal   [mem 0x0000000100000000-0x00000001385fffff]
[    0.007285]   Device   empty
[    0.007286] Movable zone start for each node
[    0.007288] Early memory node ranges
[    0.007289]   node   0: [mem 0x0000000000001000-0x000000000009efff]
[    0.007290]   node   0: [mem 0x0000000000100000-0x00000000bff7ffff]
[    0.007290]   node   0: [mem 0x0000000100000000-0x00000001385fffff]
[    0.007294] Reserved but unavailable: 98 pages
[    0.007295] Initmem setup node 0 [mem 0x0000000000001000-0x00000001385fffff]
[    0.007296] On node 0 totalpages: 1017118
[    0.007297]   DMA zone: 64 pages used for memmap
[    0.007297]   DMA zone: 21 pages reserved
[    0.007298]   DMA zone: 3998 pages, LIFO batch:0
[    0.007365]   DMA32 zone: 12222 pages used for memmap
[    0.007365]   DMA32 zone: 782208 pages, LIFO batch:63
[    0.021142]   Normal zone: 3608 pages used for memmap
[    0.021143]   Normal zone: 230912 pages, LIFO batch:63
[    0.023104] ACPI: PM-Timer IO Port: 0x608
[    0.023107] ACPI: Local APIC address 0xfee00000
[    0.023114] ACPI: LAPIC_NMI (acpi_id[0xff] dfl dfl lint[0x1])
[    0.023141] IOAPIC[0]: apic_id 0, version 17, address 0xfec00000, GSI 0-23
[    0.023142] ACPI: INT_SRC_OVR (bus 0 bus_irq 0 global_irq 2 dfl dfl)
[    0.023144] ACPI: INT_SRC_OVR (bus 0 bus_irq 5 global_irq 5 high level)
[    0.023145] ACPI: INT_SRC_OVR (bus 0 bus_irq 9 global_irq 9 high level)
[    0.023146] ACPI: INT_SRC_OVR (bus 0 bus_irq 10 global_irq 10 high level)
[    0.023147] ACPI: INT_SRC_OVR (bus 0 bus_irq 11 global_irq 11 high level)
[    0.023148] ACPI: IRQ0 used by override.
[    0.023148] ACPI: IRQ5 used by override.
[    0.023149] ACPI: IRQ9 used by override.
[    0.023149] ACPI: IRQ10 used by override.
[    0.023149] ACPI: IRQ11 used by override.
[    0.023151] Using ACPI (MADT) for SMP configuration information
[    0.023152] smpboot: Allowing 2 CPUs, 0 hotplug CPUs
[    0.023168] PM: Registered nosave memory: [mem 0x00000000-0x00000fff]
[    0.023169] PM: Registered nosave memory: [mem 0x0009f000-0x0009ffff]
[    0.023170] PM: Registered nosave memory: [mem 0x000a0000-0x000effff]
[    0.023170] PM: Registered nosave memory: [mem 0x000f0000-0x000fffff]
[    0.023171] PM: Registered nosave memory: [mem 0xbff80000-0xbfffffff]
[    0.023172] PM: Registered nosave memory: [mem 0xc0000000-0xfeffbfff]
[    0.023173] PM: Registered nosave memory: [mem 0xfeffc000-0xfeffffff]
[    0.023173] PM: Registered nosave memory: [mem 0xff000000-0xfffbffff]
[    0.023174] PM: Registered nosave memory: [mem 0xfffc0000-0xffffffff]
[    0.023175] [mem 0xc0000000-0xfeffbfff] available for PCI devices
[    0.023176] Booting paravirtualized kernel on KVM
[    0.023178] clocksource: refined-jiffies: mask: 0xffffffff max_cycles: 0xffffffff, max_idle_ns: 1910969940391419 ns
[    0.093994] random: get_random_bytes called from start_kernel+0x94/0x546 with crng_init=0
[    0.094000] setup_percpu: NR_CPUS:8192 nr_cpumask_bits:2 nr_cpu_ids:2 nr_node_ids:1
[    0.094192] percpu: Embedded 46 pages/cpu s151552 r8192 d28672 u1048576
[    0.094196] pcpu-alloc: s151552 r8192 d28672 u1048576 alloc=1*2097152
[    0.094196] pcpu-alloc: [0] 0 1 
[    0.094212] KVM setup async PF for cpu 0
[    0.094301] kvm-stealtime: cpu 0, msr 134024040
[    0.094305] PV qspinlock hash table entries: 256 (order: 0, 4096 bytes)
[    0.094309] Built 1 zonelists, mobility grouping on.  Total pages: 1001203
[    0.094310] Policy zone: Normal
[    0.094311] Kernel command line: BOOT_IMAGE=/boot/vmlinuz-4.19.90-2003.4.0.0036.oe1.x86_64 root=UUID=578a44d8-daaa-4a8f-9014-336283056530 ro net.ifnames=0 consoleblank=600 console=tty0 console=ttyS0,115200n8 spectre_v2=off nopti noibrs noibpb crashkernel=512M
[    0.109042] Memory: 2631444K/4068472K available (12300K kernel code, 2486K rwdata, 3692K rodata, 2360K init, 6008K bss, 710976K reserved, 0K cma-reserved)
[    0.109102] SLUB: HWalign=64, Order=0-3, MinObjects=0, CPUs=2, Nodes=1
[    0.109107] ftrace: allocating 35538 entries in 139 pages
[    0.119157] rcu: Hierarchical RCU implementation.
[    0.119158] rcu: 	RCU restricting CPUs from NR_CPUS=8192 to nr_cpu_ids=2.
[    0.119160] rcu: Adjusting geometry for rcu_fanout_leaf=16, nr_cpu_ids=2
[    0.120675] NR_IRQS: 524544, nr_irqs: 440, preallocated irqs: 16
[    0.129597] Console: colour VGA+ 80x25
[    0.153175] console [tty0] enabled
[    0.218796] console [ttyS0] enabled
[    0.219179] ACPI: Core revision 20180810
[    0.219634] APIC: Switch to symmetric I/O mode setup
[    0.220213] x2apic enabled
[    0.220661] Switched APIC routing to physical x2apic.
[    0.221131] KVM setup pv IPIs
[    0.222017] ..TIMER: vector=0x30 apic1=0 pin1=2 apic2=-1 pin2=-1
[    0.222552] clocksource: tsc-early: mask: 0xffffffffffffffff max_cycles: 0x285c289fcb0, max_idle_ns: 440795348079 ns
[    0.223473] Calibrating delay loop (skipped) preset value.. 5599.94 BogoMIPS (lpj=2799974)
[    0.224462] pid_max: default: 32768 minimum: 301
[    0.225481] Security Framework initialized
[    0.225886] Yama: becoming mindful.
[    0.226245] SELinux:  Initializing.
[    0.226932] Dentry cache hash table entries: 524288 (order: 10, 4194304 bytes)
[    0.227688] Inode-cache hash table entries: 262144 (order: 9, 2097152 bytes)
[    0.228478] Mount-cache hash table entries: 8192 (order: 4, 65536 bytes)
[    0.229051] Mountpoint-cache hash table entries: 8192 (order: 4, 65536 bytes)
[    0.229641] x86/cpu: Activated the Intel User Mode Instruction Prevention (UMIP) CPU feature
[    0.230497] Last level iTLB entries: 4KB 0, 2MB 0, 4MB 0
[    0.230973] Last level dTLB entries: 4KB 0, 2MB 0, 4MB 0, 1GB 0
[    0.231466] Spectre V1 : Mitigation: usercopy/swapgs barriers and __user pointer sanitization
[    0.232462] Spectre V2 : off selected on command line.
[    0.233008] Speculative Store Bypass: Mitigation: Speculative Store Bypass disabled via prctl and seccomp
[    0.238626] Freeing SMP alternatives memory: 36K
[    0.240683] TSC deadline timer enabled
[    0.240685] smpboot: CPU0: Intel(R) Xeon(R) Platinum 8378C CPU @ 2.80GHz (family: 0x6, model: 0x6a, stepping: 0x6)
[    0.241526] Performance Events: unsupported p6 CPU model 106 no PMU driver, software events only.
[    0.242484] rcu: Hierarchical SRCU implementation.
[    0.243550] smp: Bringing up secondary CPUs ...
[    0.244275] x86: Booting SMP configuration:
[    0.244465] .... node  #0, CPUs:      #1
[    0.100656] kvm-clock: cpu 1, msr 5c801041, secondary cpu clock
[    0.100656] x86/cpu: Activated the Intel User Mode Instruction Prevention (UMIP) CPU feature
[    0.246298] KVM setup async PF for cpu 1
[    0.246298] kvm-stealtime: cpu 1, msr 134124040
[    0.247589] smp: Brought up 1 node, 2 CPUs
[    0.248090] smpboot: Max logical packages: 1
[    0.248464] smpboot: Total of 2 processors activated (11199.89 BogoMIPS)
[    0.249475] node 0 initialised, 181513 pages in 1ms
[    0.250207] devtmpfs: initialized
[    0.250506] x86/mm: Memory block size: 128MB
[    0.251380] clocksource: jiffies: mask: 0xffffffff max_cycles: 0xffffffff, max_idle_ns: 1911260446275000 ns
[    0.251471] futex hash table entries: 512 (order: 3, 32768 bytes)
[    0.252281] pinctrl core: initialized pinctrl subsystem
[    0.252572] NET: Registered protocol family 16
[    0.253287] audit: initializing netlink subsys (disabled)
[    0.253475] audit: type=2000 audit(1733407994.334:1): state=initialized audit_enabled=0 res=1
[    0.254468] cpuidle: using governor menu
[    0.255171] KVM setup pv remote TLB flush
[    0.255470] ACPI: bus type PCI registered
[    0.256090] acpiphp: ACPI Hot Plug PCI Controller Driver version: 0.5
[    0.256544] PCI: Using configuration type 1 for base access
[    0.257955] HugeTLB registered 1.00 GiB page size, pre-allocated 0 pages
[    0.258464] HugeTLB registered 2.00 MiB page size, pre-allocated 0 pages
[    0.259295] cryptd: max_cpu_qlen set to 1000
[    0.259500] ACPI: Added _OSI(Module Device)
[    0.260143] ACPI: Added _OSI(Processor Device)
[    0.260465] ACPI: Added _OSI(3.0 _SCP Extensions)
[    0.261135] ACPI: Added _OSI(Processor Aggregator Device)
[    0.261463] ACPI: Added _OSI(Linux-Dell-Video)
[    0.262107] ACPI: Added _OSI(Linux-Lenovo-NV-HDMI-Audio)
[    0.263704] ACPI: 1 ACPI AML tables successfully acquired and loaded
[    0.265826] ACPI: Interpreter enabled
[    0.266444] ACPI: (supports S0 S3 S4 S5)
[    0.266467] ACPI: Using IOAPIC for interrupt routing
[    0.267167] PCI: Using host bridge windows from ACPI; if necessary, use "pci=nocrs" and report a bug
[    0.267644] ACPI: Enabled 2 GPEs in block 00 to 0F
[    0.274190] ACPI: PCI Root Bridge [PCI0] (domain 0000 [bus 00-ff])
[    0.274465] acpi PNP0A03:00: _OSC: OS supports [ASPM ClockPM Segments MSI]
[    0.275292] acpi PNP0A03:00: _OSC failed (AE_NOT_FOUND); disabling ASPM
[    0.275466] acpi PNP0A03:00: fail to add MMCONFIG information, can't access extended PCI configuration space under this bridge.
[    0.276639] acpiphp: Slot [3] registered
[    0.277279] acpiphp: Slot [4] registered
[    0.277544] acpiphp: Slot [13] registered
[    0.278178] acpiphp: Slot [14] registered
[    0.278490] acpiphp: Slot [15] registered
[    0.279127] acpiphp: Slot [16] registered
[    0.279482] acpiphp: Slot [17] registered
[    0.280113] acpiphp: Slot [18] registered
[    0.280485] acpiphp: Slot [19] registered
[    0.281122] acpiphp: Slot [20] registered
[    0.281481] acpiphp: Slot [21] registered
[    0.282114] acpiphp: Slot [22] registered
[    0.282481] acpiphp: Slot [23] registered
[    0.283113] acpiphp: Slot [24] registered
[    0.283482] acpiphp: Slot [25] registered
[    0.284114] acpiphp: Slot [26] registered
[    0.284483] acpiphp: Slot [27] registered
[    0.285114] acpiphp: Slot [28] registered
[    0.285481] acpiphp: Slot [29] registered
[    0.286122] acpiphp: Slot [30] registered
[    0.286483] acpiphp: Slot [31] registered
[    0.287105] PCI host bridge to bus 0000:00
[    0.287464] pci_bus 0000:00: root bus resource [io  0x0000-0x0cf7 window]
[    0.288286] pci_bus 0000:00: root bus resource [io  0x0d00-0xffff window]
[    0.288463] pci_bus 0000:00: root bus resource [mem 0x000a0000-0x000bffff window]
[    0.289462] pci_bus 0000:00: root bus resource [mem 0xc0000000-0xfebfffff window]
[    0.290463] pci_bus 0000:00: root bus resource [mem 0x140000000-0x1bfffffff window]
[    0.291463] pci_bus 0000:00: root bus resource [bus 00-ff]
[    0.292214] pci 0000:00:00.0: [8086:1237] type 00 class 0x060000
[    0.292497] pci 0000:00:01.0: [8086:7000] type 00 class 0x060100
[    0.292862] pci 0000:00:01.1: [8086:7010] type 00 class 0x010180
[    0.296128] pci 0000:00:01.1: reg 0x20: [io  0x9080-0x908f]
[    0.297479] pci 0000:00:01.1: legacy IDE quirk: reg 0x10: [io  0x01f0-0x01f7]
[    0.298464] pci 0000:00:01.1: legacy IDE quirk: reg 0x14: [io  0x03f6]
[    0.299289] pci 0000:00:01.1: legacy IDE quirk: reg 0x18: [io  0x0170-0x0177]
[    0.299463] pci 0000:00:01.1: legacy IDE quirk: reg 0x1c: [io  0x0376]
[    0.300385] pci 0000:00:01.2: [8086:7020] type 00 class 0x0c0300
[    0.302769] pci 0000:00:01.2: reg 0x20: [io  0x9040-0x905f]
[    0.303866] pci 0000:00:01.3: [8086:7113] type 00 class 0x068000
[    0.304155] pci 0000:00:01.3: quirk: [io  0x0600-0x063f] claimed by PIIX4 ACPI
[    0.304468] pci 0000:00:01.3: quirk: [io  0x0700-0x070f] claimed by PIIX4 SMB
[    0.305458] pci 0000:00:02.0: [1013:00b8] type 00 class 0x030000
[    0.307465] pci 0000:00:02.0: reg 0x10: [mem 0xfa000000-0xfbffffff pref]
[    0.308465] pci 0000:00:02.0: reg 0x14: [mem 0xfea18000-0xfea18fff]
[    0.313465] pci 0000:00:02.0: reg 0x30: [mem 0xfea00000-0xfea0ffff pref]
[    0.313626] pci 0000:00:03.0: [1af4:1000] type 00 class 0x020000
[    0.314387] pci 0000:00:03.0: reg 0x10: [mem 0xfea10000-0xfea13fff]
[    0.317697] pci 0000:00:04.0: [1af4:1004] type 00 class 0x010000
[    0.318294] pci 0000:00:04.0: reg 0x10: [mem 0xfea14000-0xfea17fff]
[    0.321538] pci 0000:00:05.0: [1b36:0001] type 01 class 0x060400
[    0.323191] pci 0000:00:05.0: reg 0x10: [mem 0xfea19000-0xfea190ff 64bit]
[    0.325354] pci 0000:00:06.0: [1b36:0001] type 01 class 0x060400
[    0.326465] pci 0000:00:06.0: reg 0x10: [mem 0xfea1a000-0xfea1a0ff 64bit]
[    0.328321] pci 0000:00:07.0: [1b36:0001] type 01 class 0x060400
[    0.329464] pci 0000:00:07.0: reg 0x10: [mem 0xfea1b000-0xfea1b0ff 64bit]
[    0.331367] pci 0000:00:08.0: [1b36:0001] type 01 class 0x060400
[    0.332465] pci 0000:00:08.0: reg 0x10: [mem 0xfea1c000-0xfea1c0ff 64bit]
[    0.334782] pci 0000:00:09.0: [1b36:0001] type 01 class 0x060400
[    0.336007] pci 0000:00:09.0: reg 0x10: [mem 0xfea1d000-0xfea1d0ff 64bit]
[    0.337767] pci 0000:00:0a.0: [1b36:0001] type 01 class 0x060400
[    0.339033] pci 0000:00:0a.0: reg 0x10: [mem 0xfea1e000-0xfea1e0ff 64bit]
[    0.340769] pci 0000:00:0b.0: [1b36:0001] type 01 class 0x060400
[    0.342465] pci 0000:00:0b.0: reg 0x10: [mem 0xfea1f000-0xfea1f0ff 64bit]
[    0.344330] pci 0000:00:0c.0: [1b36:0001] type 01 class 0x060400
[    0.345464] pci 0000:00:0c.0: reg 0x10: [mem 0xfea20000-0xfea200ff 64bit]
[    0.347346] pci 0000:00:0d.0: [1af4:1003] type 00 class 0x078000
[    0.348465] pci 0000:00:0d.0: reg 0x10: [io  0x9000-0x903f]
[    0.349465] pci 0000:00:0d.0: reg 0x14: [mem 0xfea21000-0xfea21fff]
[    0.353249] pci 0000:00:0d.0: reg 0x20: [mem 0xfd000000-0xfd003fff 64bit pref]
[    0.354673] pci 0000:00:0e.0: [1af4:1002] type 00 class 0x00ff00
[    0.355464] pci 0000:00:0e.0: reg 0x10: [io  0x9060-0x907f]
[    0.359465] pci 0000:00:0e.0: reg 0x20: [mem 0xfd004000-0xfd007fff 64bit pref]
[    0.362294] pci_bus 0000:01: extended config space not accessible
[    0.362632] acpiphp: Slot [0] registered
[    0.363278] acpiphp: Slot [1] registered
[    0.363483] acpiphp: Slot [2] registered
[    0.364486] acpiphp: Slot [3-2] registered
[    0.365141] acpiphp: Slot [4-2] registered
[    0.365483] acpiphp: Slot [5] registered
[    0.366108] acpiphp: Slot [6] registered
[    0.366483] acpiphp: Slot [7] registered
[    0.367107] acpiphp: Slot [8] registered
[    0.367483] acpiphp: Slot [9] registered
[    0.368105] acpiphp: Slot [10] registered
[    0.368482] acpiphp: Slot [11] registered
[    0.369117] acpiphp: Slot [12] registered
[    0.369495] acpiphp: Slot [13-2] registered
[    0.370142] acpiphp: Slot [14-2] registered
[    0.370484] acpiphp: Slot [15-2] registered
[    0.371129] acpiphp: Slot [16-2] registered
[    0.371484] acpiphp: Slot [17-2] registered
[    0.372148] acpiphp: Slot [18-2] registered
[    0.372486] acpiphp: Slot [19-2] registered
[    0.373140] acpiphp: Slot [20-2] registered
[    0.373484] acpiphp: Slot [21-2] registered
[    0.374127] acpiphp: Slot [22-2] registered
[    0.374484] acpiphp: Slot [23-2] registered
[    0.375144] acpiphp: Slot [24-2] registered
[    0.375485] acpiphp: Slot [25-2] registered
[    0.376144] acpiphp: Slot [26-2] registered
[    0.376485] acpiphp: Slot [27-2] registered
[    0.377130] acpiphp: Slot [28-2] registered
[    0.377484] acpiphp: Slot [29-2] registered
[    0.378148] acpiphp: Slot [30-2] registered
[    0.378485] acpiphp: Slot [31-2] registered
[    0.379278] pci 0000:00:05.0: PCI bridge to [bus 01]
[    0.379474] pci 0000:00:05.0:   bridge window [io  0x8000-0x8fff]
[    0.379484] pci 0000:00:05.0:   bridge window [mem 0xfe800000-0xfe9fffff]
[    0.379503] pci 0000:00:05.0:   bridge window [mem 0xfce00000-0xfcffffff 64bit pref]
[    0.380253] pci_bus 0000:02: extended config space not accessible
[    0.380641] acpiphp: Slot [0-2] registered
[    0.381289] acpiphp: Slot [1-2] registered
[    0.381485] acpiphp: Slot [2-2] registered
[    0.382125] acpiphp: Slot [3-3] registered
[    0.382484] acpiphp: Slot [4-3] registered
[    0.383133] acpiphp: Slot [5-2] registered
[    0.383484] acpiphp: Slot [6-2] registered
[    0.384132] acpiphp: Slot [7-2] registered
[    0.384484] acpiphp: Slot [8-2] registered
[    0.385118] acpiphp: Slot [9-2] registered
[    0.385484] acpiphp: Slot [10-2] registered
[    0.386131] acpiphp: Slot [11-2] registered
[    0.386484] acpiphp: Slot [12-2] registered
[    0.387149] acpiphp: Slot [13-3] registered
[    0.387484] acpiphp: Slot [14-3] registered
[    0.388130] acpiphp: Slot [15-3] registered
[    0.388484] acpiphp: Slot [16-3] registered
[    0.389134] acpiphp: Slot [17-3] registered
[    0.389484] acpiphp: Slot [18-3] registered
[    0.390139] acpiphp: Slot [19-3] registered
[    0.390484] acpiphp: Slot [20-3] registered
[    0.391140] acpiphp: Slot [21-3] registered
[    0.391485] acpiphp: Slot [22-3] registered
[    0.392131] acpiphp: Slot [23-3] registered
[    0.392484] acpiphp: Slot [24-3] registered
[    0.393139] acpiphp: Slot [25-3] registered
[    0.393484] acpiphp: Slot [26-3] registered
[    0.394139] acpiphp: Slot [27-3] registered
[    0.394492] acpiphp: Slot [28-3] registered
[    0.395151] acpiphp: Slot [29-3] registered
[    0.395485] acpiphp: Slot [30-3] registered
[    0.396141] acpiphp: Slot [31-3] registered
[    0.396620] pci 0000:00:06.0: PCI bridge to [bus 02]
[    0.397318] pci 0000:00:06.0:   bridge window [io  0x7000-0x7fff]
[    0.397329] pci 0000:00:06.0:   bridge window [mem 0xfe600000-0xfe7fffff]
[    0.397348] pci 0000:00:06.0:   bridge window [mem 0xfcc00000-0xfcdfffff 64bit pref]
[    0.397868] pci_bus 0000:03: extended config space not accessible
[    0.398641] acpiphp: Slot [0-3] registered
[    0.399287] acpiphp: Slot [1-3] registered
[    0.399485] acpiphp: Slot [2-3] registered
[    0.400127] acpiphp: Slot [3-4] registered
[    0.400485] acpiphp: Slot [4-4] registered
[    0.401133] acpiphp: Slot [5-3] registered
[    0.401486] acpiphp: Slot [6-3] registered
[    0.402128] acpiphp: Slot [7-3] registered
[    0.402485] acpiphp: Slot [8-3] registered
[    0.403125] acpiphp: Slot [9-3] registered
[    0.403485] acpiphp: Slot [10-3] registered
[    0.404134] acpiphp: Slot [11-3] registered
[    0.404490] acpiphp: Slot [12-3] registered
[    0.405142] acpiphp: Slot [13-4] registered
[    0.405485] acpiphp: Slot [14-4] registered
[    0.406134] acpiphp: Slot [15-4] registered
[    0.406484] acpiphp: Slot [16-4] registered
[    0.407134] acpiphp: Slot [17-4] registered
[    0.407486] acpiphp: Slot [18-4] registered
[    0.408142] acpiphp: Slot [19-4] registered
[    0.408486] acpiphp: Slot [20-4] registered
[    0.409135] acpiphp: Slot [21-4] registered
[    0.409487] acpiphp: Slot [22-4] registered
[    0.410141] acpiphp: Slot [23-4] registered
[    0.410486] acpiphp: Slot [24-4] registered
[    0.411144] acpiphp: Slot [25-4] registered
[    0.411485] acpiphp: Slot [26-4] registered
[    0.412135] acpiphp: Slot [27-4] registered
[    0.412485] acpiphp: Slot [28-4] registered
[    0.413134] acpiphp: Slot [29-4] registered
[    0.413485] acpiphp: Slot [30-4] registered
[    0.414135] acpiphp: Slot [31-4] registered
[    0.414622] pci 0000:00:07.0: PCI bridge to [bus 03]
[    0.415319] pci 0000:00:07.0:   bridge window [io  0x6000-0x6fff]
[    0.415329] pci 0000:00:07.0:   bridge window [mem 0xfe400000-0xfe5fffff]
[    0.415348] pci 0000:00:07.0:   bridge window [mem 0xfca00000-0xfcbfffff 64bit pref]
[    0.415865] pci_bus 0000:04: extended config space not accessible
[    0.416649] acpiphp: Slot [0-4] registered
[    0.417298] acpiphp: Slot [1-4] registered
[    0.417485] acpiphp: Slot [2-4] registered
[    0.418136] acpiphp: Slot [3-5] registered
[    0.418485] acpiphp: Slot [4-5] registered
[    0.419136] acpiphp: Slot [5-4] registered
[    0.419487] acpiphp: Slot [6-4] registered
[    0.420122] acpiphp: Slot [7-4] registered
[    0.420485] acpiphp: Slot [8-4] registered
[    0.421127] acpiphp: Slot [9-4] registered
[    0.421485] acpiphp: Slot [10-4] registered
[    0.422137] acpiphp: Slot [11-4] registered
[    0.422487] acpiphp: Slot [12-4] registered
[    0.423134] acpiphp: Slot [13-5] registered
[    0.423485] acpiphp: Slot [14-5] registered
[    0.424132] acpiphp: Slot [15-5] registered
[    0.424485] acpiphp: Slot [16-5] registered
[    0.425136] acpiphp: Slot [17-5] registered
[    0.425491] acpiphp: Slot [18-5] registered
[    0.426139] acpiphp: Slot [19-5] registered
[    0.426486] acpiphp: Slot [20-5] registered
[    0.427131] acpiphp: Slot [21-5] registered
[    0.427485] acpiphp: Slot [22-5] registered
[    0.428138] acpiphp: Slot [23-5] registered
[    0.428487] acpiphp: Slot [24-5] registered
[    0.429140] acpiphp: Slot [25-5] registered
[    0.429486] acpiphp: Slot [26-5] registered
[    0.430128] acpiphp: Slot [27-5] registered
[    0.430485] acpiphp: Slot [28-5] registered
[    0.431134] acpiphp: Slot [29-5] registered
[    0.431488] acpiphp: Slot [30-5] registered
[    0.432141] acpiphp: Slot [31-5] registered
[    0.432625] pci 0000:00:08.0: PCI bridge to [bus 04]
[    0.433311] pci 0000:00:08.0:   bridge window [io  0x5000-0x5fff]
[    0.433321] pci 0000:00:08.0:   bridge window [mem 0xfe200000-0xfe3fffff]
[    0.433340] pci 0000:00:08.0:   bridge window [mem 0xfc800000-0xfc9fffff 64bit pref]
[    0.433865] pci_bus 0000:05: extended config space not accessible
[    0.434657] acpiphp: Slot [0-5] registered
[    0.435309] acpiphp: Slot [1-5] registered
[    0.435486] acpiphp: Slot [2-5] registered
[    0.436135] acpiphp: Slot [3-6] registered
[    0.436486] acpiphp: Slot [4-6] registered
[    0.437124] acpiphp: Slot [5-5] registered
[    0.437486] acpiphp: Slot [6-5] registered
[    0.438139] acpiphp: Slot [7-5] registered
[    0.438485] acpiphp: Slot [8-5] registered
[    0.439133] acpiphp: Slot [9-5] registered
[    0.439486] acpiphp: Slot [10-5] registered
[    0.440139] acpiphp: Slot [11-5] registered
[    0.440489] acpiphp: Slot [12-5] registered
[    0.441415] acpiphp: Slot [13-6] registered
[    0.441487] acpiphp: Slot [14-6] registered
[    0.442144] acpiphp: Slot [15-6] registered
[    0.442491] acpiphp: Slot [16-6] registered
[    0.443139] acpiphp: Slot [17-6] registered
[    0.443487] acpiphp: Slot [18-6] registered
[    0.444137] acpiphp: Slot [19-6] registered
[    0.444487] acpiphp: Slot [20-6] registered
[    0.445143] acpiphp: Slot [21-6] registered
[    0.445486] acpiphp: Slot [22-6] registered
[    0.446139] acpiphp: Slot [23-6] registered
[    0.446486] acpiphp: Slot [24-6] registered
[    0.447139] acpiphp: Slot [25-6] registered
[    0.447486] acpiphp: Slot [26-6] registered
[    0.448143] acpiphp: Slot [27-6] registered
[    0.448486] acpiphp: Slot [28-6] registered
[    0.449523] acpiphp: Slot [29-6] registered
[    0.450494] acpiphp: Slot [30-6] registered
[    0.451159] acpiphp: Slot [31-6] registered
[    0.451619] pci 0000:00:09.0: PCI bridge to [bus 05]
[    0.452321] pci 0000:00:09.0:   bridge window [io  0x4000-0x4fff]
[    0.452332] pci 0000:00:09.0:   bridge window [mem 0xfe000000-0xfe1fffff]
[    0.452351] pci 0000:00:09.0:   bridge window [mem 0xfc600000-0xfc7fffff 64bit pref]
[    0.452934] pci_bus 0000:06: extended config space not accessible
[    0.453661] acpiphp: Slot [0-6] registered
[    0.454311] acpiphp: Slot [1-6] registered
[    0.454486] acpiphp: Slot [2-6] registered
[    0.455138] acpiphp: Slot [3-7] registered
[    0.455489] acpiphp: Slot [4-7] registered
[    0.456129] acpiphp: Slot [5-6] registered
[    0.456487] acpiphp: Slot [6-6] registered
[    0.457129] acpiphp: Slot [7-6] registered
[    0.457486] acpiphp: Slot [8-6] registered
[    0.458135] acpiphp: Slot [9-6] registered
[    0.458492] acpiphp: Slot [10-6] registered
[    0.459145] acpiphp: Slot [11-6] registered
[    0.459486] acpiphp: Slot [12-6] registered
[    0.460487] acpiphp: Slot [13-7] registered
[    0.461146] acpiphp: Slot [14-7] registered
[    0.461486] acpiphp: Slot [15-7] registered
[    0.462133] acpiphp: Slot [16-7] registered
[    0.462486] acpiphp: Slot [17-7] registered
[    0.463133] acpiphp: Slot [18-7] registered
[    0.463488] acpiphp: Slot [19-7] registered
[    0.464141] acpiphp: Slot [20-7] registered
[    0.464487] acpiphp: Slot [21-7] registered
[    0.465138] acpiphp: Slot [22-7] registered
[    0.465487] acpiphp: Slot [23-7] registered
[    0.466138] acpiphp: Slot [24-7] registered
[    0.466486] acpiphp: Slot [25-7] registered
[    0.467143] acpiphp: Slot [26-7] registered
[    0.467492] acpiphp: Slot [27-7] registered
[    0.468144] acpiphp: Slot [28-7] registered
[    0.468487] acpiphp: Slot [29-7] registered
[    0.469132] acpiphp: Slot [30-7] registered
[    0.469487] acpiphp: Slot [31-7] registered
[    0.470277] pci 0000:00:0a.0: PCI bridge to [bus 06]
[    0.470473] pci 0000:00:0a.0:   bridge window [io  0x3000-0x3fff]
[    0.470483] pci 0000:00:0a.0:   bridge window [mem 0xfde00000-0xfdffffff]
[    0.470502] pci 0000:00:0a.0:   bridge window [mem 0xfc400000-0xfc5fffff 64bit pref]
[    0.471366] pci_bus 0000:07: extended config space not accessible
[    0.471681] acpiphp: Slot [0-7] registered
[    0.472325] acpiphp: Slot [1-7] registered
[    0.472488] acpiphp: Slot [2-7] registered
[    0.473128] acpiphp: Slot [3-8] registered
[    0.473489] acpiphp: Slot [4-8] registered
[    0.474132] acpiphp: Slot [5-7] registered
[    0.474489] acpiphp: Slot [6-7] registered
[    0.475142] acpiphp: Slot [7-7] registered
[    0.475487] acpiphp: Slot [8-7] registered
[    0.476131] acpiphp: Slot [9-7] registered
[    0.476490] acpiphp: Slot [10-7] registered
[    0.477140] acpiphp: Slot [11-7] registered
[    0.477489] acpiphp: Slot [12-7] registered
[    0.478145] acpiphp: Slot [13-8] registered
[    0.478488] acpiphp: Slot [14-8] registered
[    0.479142] acpiphp: Slot [15-8] registered
[    0.479490] acpiphp: Slot [16-8] registered
[    0.480135] acpiphp: Slot [17-8] registered
[    0.480489] acpiphp: Slot [18-8] registered
[    0.481147] acpiphp: Slot [19-8] registered
[    0.481488] acpiphp: Slot [20-8] registered
[    0.482139] acpiphp: Slot [21-8] registered
[    0.482494] acpiphp: Slot [22-8] registered
[    0.483142] acpiphp: Slot [23-8] registered
[    0.483488] acpiphp: Slot [24-8] registered
[    0.484143] acpiphp: Slot [25-8] registered
[    0.484487] acpiphp: Slot [26-8] registered
[    0.485145] acpiphp: Slot [27-8] registered
[    0.485489] acpiphp: Slot [28-8] registered
[    0.486138] acpiphp: Slot [29-8] registered
[    0.486492] acpiphp: Slot [30-8] registered
[    0.487161] acpiphp: Slot [31-8] registered
[    0.487616] pci 0000:00:0b.0: PCI bridge to [bus 07]
[    0.488313] pci 0000:00:0b.0:   bridge window [io  0x2000-0x2fff]
[    0.488323] pci 0000:00:0b.0:   bridge window [mem 0xfdc00000-0xfddfffff]
[    0.488343] pci 0000:00:0b.0:   bridge window [mem 0xfc200000-0xfc3fffff 64bit pref]
[    0.488873] pci_bus 0000:08: extended config space not accessible
[    0.489688] acpiphp: Slot [0-8] registered
[    0.490336] acpiphp: Slot [1-8] registered
[    0.490496] acpiphp: Slot [2-8] registered
[    0.491136] acpiphp: Slot [3-9] registered
[    0.491488] acpiphp: Slot [4-9] registered
[    0.492132] acpiphp: Slot [5-8] registered
[    0.492493] acpiphp: Slot [6-8] registered
[    0.493138] acpiphp: Slot [7-8] registered
[    0.493488] acpiphp: Slot [8-8] registered
[    0.494137] acpiphp: Slot [9-8] registered
[    0.494489] acpiphp: Slot [10-8] registered
[    0.495139] acpiphp: Slot [11-8] registered
[    0.495489] acpiphp: Slot [12-8] registered
[    0.496146] acpiphp: Slot [13-9] registered
[    0.496489] acpiphp: Slot [14-9] registered
[    0.497144] acpiphp: Slot [15-9] registered
[    0.497489] acpiphp: Slot [16-9] registered
[    0.498144] acpiphp: Slot [17-9] registered
[    0.498489] acpiphp: Slot [18-9] registered
[    0.499147] acpiphp: Slot [19-9] registered
[    0.499489] acpiphp: Slot [20-9] registered
[    0.500145] acpiphp: Slot [21-9] registered
[    0.500489] acpiphp: Slot [22-9] registered
[    0.501146] acpiphp: Slot [23-9] registered
[    0.501489] acpiphp: Slot [24-9] registered
[    0.502151] acpiphp: Slot [25-9] registered
[    0.502492] acpiphp: Slot [26-9] registered
[    0.503146] acpiphp: Slot [27-9] registered
[    0.503489] acpiphp: Slot [28-9] registered
[    0.504142] acpiphp: Slot [29-9] registered
[    0.504489] acpiphp: Slot [30-9] registered
[    0.505142] acpiphp: Slot [31-9] registered
[    0.505620] pci 0000:00:0c.0: PCI bridge to [bus 08]
[    0.506314] pci 0000:00:0c.0:   bridge window [io  0x1000-0x1fff]
[    0.506324] pci 0000:00:0c.0:   bridge window [mem 0xfda00000-0xfdbfffff]
[    0.506344] pci 0000:00:0c.0:   bridge window [mem 0xfc000000-0xfc1fffff 64bit pref]
[    0.512512] ACPI: PCI Interrupt Link [LNKA] (IRQs 5 *10 11)
[    0.513329] ACPI: PCI Interrupt Link [LNKB] (IRQs 5 *10 11)
[    0.513511] ACPI: PCI Interrupt Link [LNKC] (IRQs 5 10 *11)
[    0.514293] ACPI: PCI Interrupt Link [LNKD] (IRQs 5 10 *11)
[    0.514491] ACPI: PCI Interrupt Link [LNKS] (IRQs *9)
[    0.515372] pci 0000:00:02.0: vgaarb: setting as boot VGA device
[    0.515372] pci 0000:00:02.0: vgaarb: VGA device added: decodes=io+mem,owns=io+mem,locks=none
[    0.515465] pci 0000:00:02.0: vgaarb: bridge control possible
[    0.516204] vgaarb: loaded
[    0.516515] SCSI subsystem initialized
[    0.517122] ACPI: bus type USB registered
[    0.517473] usbcore: registered new interface driver usbfs
[    0.518202] usbcore: registered new interface driver hub
[    0.518474] usbcore: registered new device driver usb
[    0.519183] pps_core: LinuxPPS API ver. 1 registered
[    0.519462] pps_core: Software ver. 5.3.6 - Copyright 2005-2007 Rodolfo Giometti <giometti@linux.it>
[    0.520464] PTP clock support registered
[    0.521109] EDAC MC: Ver: 3.0.0
[    0.521719] PCI: Using ACPI for IRQ routing
[    0.522120] PCI: pci_cache_line_size set to 64 bytes
[    0.522569] e820: reserve RAM buffer [mem 0x0009fc00-0x0009ffff]
[    0.522570] e820: reserve RAM buffer [mem 0xbff80000-0xbfffffff]
[    0.522571] e820: reserve RAM buffer [mem 0x138600000-0x13bffffff]
[    0.522644] NetLabel: Initializing
[    0.523218] NetLabel:  domain hash size = 128
[    0.523463] NetLabel:  protocols = UNLABELED CIPSOv4 CALIPSO
[    0.524209] NetLabel:  unlabeled traffic allowed by default
[    0.524538] clocksource: Switched to clocksource kvm-clock
[    0.533115] VFS: Disk quotas dquot_6.6.0
[    0.533766] VFS: Dquot-cache hash table entries: 512 (order 0, 4096 bytes)
[    0.534630] pnp: PnP ACPI init
[    0.535209] pnp 00:00: Plug and Play ACPI device, IDs PNP0b00 (active)
[    0.535229] pnp 00:01: Plug and Play ACPI device, IDs PNP0303 (active)
[    0.535244] pnp 00:02: Plug and Play ACPI device, IDs PNP0f13 (active)
[    0.535249] pnp 00:03: [dma 2]
[    0.535254] pnp 00:03: Plug and Play ACPI device, IDs PNP0700 (active)
[    0.535294] pnp 00:04: Plug and Play ACPI device, IDs PNP0501 (active)
[    0.535579] pnp: PnP ACPI: found 5 devices
[    0.542468] clocksource: acpi_pm: mask: 0xffffff max_cycles: 0xffffff, max_idle_ns: 2085701024 ns
[    0.543718] pci 0000:00:05.0: PCI bridge to [bus 01]
[    0.544411] pci 0000:00:05.0:   bridge window [io  0x8000-0x8fff]
[    0.546338] pci 0000:00:05.0:   bridge window [mem 0xfe800000-0xfe9fffff]
[    0.547893] pci 0000:00:05.0:   bridge window [mem 0xfce00000-0xfcffffff 64bit pref]
[    0.550478] pci 0000:00:06.0: PCI bridge to [bus 02]
[    0.551173] pci 0000:00:06.0:   bridge window [io  0x7000-0x7fff]
[    0.553011] pci 0000:00:06.0:   bridge window [mem 0xfe600000-0xfe7fffff]
[    0.554544] pci 0000:00:06.0:   bridge window [mem 0xfcc00000-0xfcdfffff 64bit pref]
[    0.557521] pci 0000:00:07.0: PCI bridge to [bus 03]
[    0.558218] pci 0000:00:07.0:   bridge window [io  0x6000-0x6fff]
[    0.559840] pci 0000:00:07.0:   bridge window [mem 0xfe400000-0xfe5fffff]
[    0.561229] pci 0000:00:07.0:   bridge window [mem 0xfca00000-0xfcbfffff 64bit pref]
[    0.563555] pci 0000:00:08.0: PCI bridge to [bus 04]
[    0.564251] pci 0000:00:08.0:   bridge window [io  0x5000-0x5fff]
[    0.566101] pci 0000:00:08.0:   bridge window [mem 0xfe200000-0xfe3fffff]
[    0.567899] pci 0000:00:08.0:   bridge window [mem 0xfc800000-0xfc9fffff 64bit pref]
[    0.570172] pci 0000:00:09.0: PCI bridge to [bus 05]
[    0.570871] pci 0000:00:09.0:   bridge window [io  0x4000-0x4fff]
[    0.572470] pci 0000:00:09.0:   bridge window [mem 0xfe000000-0xfe1fffff]
[    0.573838] pci 0000:00:09.0:   bridge window [mem 0xfc600000-0xfc7fffff 64bit pref]
[    0.576088] pci 0000:00:0a.0: PCI bridge to [bus 06]
[    0.577212] pci 0000:00:0a.0:   bridge window [io  0x3000-0x3fff]
[    0.578845] pci 0000:00:0a.0:   bridge window [mem 0xfde00000-0xfdffffff]
[    0.580206] pci 0000:00:0a.0:   bridge window [mem 0xfc400000-0xfc5fffff 64bit pref]
[    0.582435] pci 0000:00:0b.0: PCI bridge to [bus 07]
[    0.583131] pci 0000:00:0b.0:   bridge window [io  0x2000-0x2fff]
[    0.584722] pci 0000:00:0b.0:   bridge window [mem 0xfdc00000-0xfddfffff]
[    0.586083] pci 0000:00:0b.0:   bridge window [mem 0xfc200000-0xfc3fffff 64bit pref]
[    0.588674] pci 0000:00:0c.0: PCI bridge to [bus 08]
[    0.589369] pci 0000:00:0c.0:   bridge window [io  0x1000-0x1fff]
[    0.590946] pci 0000:00:0c.0:   bridge window [mem 0xfda00000-0xfdbfffff]
[    0.592303] pci 0000:00:0c.0:   bridge window [mem 0xfc000000-0xfc1fffff 64bit pref]
[    0.594562] pci_bus 0000:00: resource 4 [io  0x0000-0x0cf7 window]
[    0.594563] pci_bus 0000:00: resource 5 [io  0x0d00-0xffff window]
[    0.594564] pci_bus 0000:00: resource 6 [mem 0x000a0000-0x000bffff window]
[    0.594565] pci_bus 0000:00: resource 7 [mem 0xc0000000-0xfebfffff window]
[    0.594566] pci_bus 0000:00: resource 8 [mem 0x140000000-0x1bfffffff window]
[    0.594567] pci_bus 0000:01: resource 0 [io  0x8000-0x8fff]
[    0.594568] pci_bus 0000:01: resource 1 [mem 0xfe800000-0xfe9fffff]
[    0.594568] pci_bus 0000:01: resource 2 [mem 0xfce00000-0xfcffffff 64bit pref]
[    0.594570] pci_bus 0000:02: resource 0 [io  0x7000-0x7fff]
[    0.594570] pci_bus 0000:02: resource 1 [mem 0xfe600000-0xfe7fffff]
[    0.594571] pci_bus 0000:02: resource 2 [mem 0xfcc00000-0xfcdfffff 64bit pref]
[    0.594572] pci_bus 0000:03: resource 0 [io  0x6000-0x6fff]
[    0.594572] pci_bus 0000:03: resource 1 [mem 0xfe400000-0xfe5fffff]
[    0.594573] pci_bus 0000:03: resource 2 [mem 0xfca00000-0xfcbfffff 64bit pref]
[    0.594574] pci_bus 0000:04: resource 0 [io  0x5000-0x5fff]
[    0.594574] pci_bus 0000:04: resource 1 [mem 0xfe200000-0xfe3fffff]
[    0.594575] pci_bus 0000:04: resource 2 [mem 0xfc800000-0xfc9fffff 64bit pref]
[    0.594576] pci_bus 0000:05: resource 0 [io  0x4000-0x4fff]
[    0.594576] pci_bus 0000:05: resource 1 [mem 0xfe000000-0xfe1fffff]
[    0.594577] pci_bus 0000:05: resource 2 [mem 0xfc600000-0xfc7fffff 64bit pref]
[    0.594578] pci_bus 0000:06: resource 0 [io  0x3000-0x3fff]
[    0.594578] pci_bus 0000:06: resource 1 [mem 0xfde00000-0xfdffffff]
[    0.594579] pci_bus 0000:06: resource 2 [mem 0xfc400000-0xfc5fffff 64bit pref]
[    0.594580] pci_bus 0000:07: resource 0 [io  0x2000-0x2fff]
[    0.594580] pci_bus 0000:07: resource 1 [mem 0xfdc00000-0xfddfffff]
[    0.594581] pci_bus 0000:07: resource 2 [mem 0xfc200000-0xfc3fffff 64bit pref]
[    0.594582] pci_bus 0000:08: resource 0 [io  0x1000-0x1fff]
[    0.594582] pci_bus 0000:08: resource 1 [mem 0xfda00000-0xfdbfffff]
[    0.594583] pci_bus 0000:08: resource 2 [mem 0xfc000000-0xfc1fffff 64bit pref]
[    0.594730] NET: Registered protocol family 2
[    0.595497] tcp_listen_portaddr_hash hash table entries: 2048 (order: 3, 32768 bytes)
[    0.596681] TCP established hash table entries: 32768 (order: 6, 262144 bytes)
[    0.598279] TCP bind hash table entries: 32768 (order: 7, 524288 bytes)
[    0.599149] TCP: Hash tables configured (established 32768 bind 32768)
[    0.599987] UDP hash table entries: 2048 (order: 4, 65536 bytes)
[    0.600786] UDP-Lite hash table entries: 2048 (order: 4, 65536 bytes)
[    0.601647] NET: Registered protocol family 1
[    0.602285] NET: Registered protocol family 44
[    0.602950] pci 0000:00:01.0: PIIX3: Enabling Passive Release
[    0.603710] pci 0000:00:00.0: Limiting direct PCI/PCI transfers
[    0.604475] pci 0000:00:01.0: Activating ISA DMA hang workarounds
[    0.621826] PCI Interrupt Link [LNKD] enabled at IRQ 11
[    0.638086] pci 0000:00:01.2: quirk_usb_early_handoff+0x0/0x6c0 took 32067 usecs
[    0.639272] pci 0000:00:02.0: Video device with shadowed ROM at [mem 0x000c0000-0x000dffff]
[    0.640551] PCI: CLS 0 bytes, default 64
[    0.640586] Unpacking initramfs...
[    0.889347] Freeing initrd memory: 21692K
[    0.890061] PCI-DMA: Using software bounce buffering for IO (SWIOTLB)
[    0.890868] software IO TLB: mapped [mem 0xbbf80000-0xbff80000] (64MB)
[    0.891731] clocksource: tsc: mask: 0xffffffffffffffff max_cycles: 0x285c289fcb0, max_idle_ns: 440795348079 ns
[    0.894340] Initialise system trusted keyrings
[    0.895097] Key type blacklist registered
[    0.895762] workingset: timestamp_bits=36 max_order=20 bucket_order=0
[    0.897278] zbud: loaded
[    0.923646] NET: Registered protocol family 38
[    0.924366] Key type asymmetric registered
[    0.925007] Asymmetric key parser 'x509' registered
[    0.925711] Block layer SCSI generic (bsg) driver version 0.4 loaded (major 245)
[    0.926883] io scheduler noop registered
[    0.927517] io scheduler deadline registered
[    0.928177] io scheduler cfq registered (default)
[    0.928859] io scheduler mq-deadline registered
[    0.929523] io scheduler kyber registered
[    0.930147] io scheduler bfq registered
[    0.930796] atomic64_test: passed for x86-64 platform with CX8 and with SSE
[    0.931767] shpchp 0000:00:05.0: Requesting control of SHPC hotplug via OSHP (\_SB_.PCI0.S28_)
[    0.933003] shpchp 0000:00:05.0: Requesting control of SHPC hotplug via OSHP (\_SB_.PCI0)
[    0.934199] shpchp 0000:00:05.0: Cannot get control of SHPC hotplug
[    0.935017] shpchp 0000:00:06.0: Requesting control of SHPC hotplug via OSHP (\_SB_.PCI0.S30_)
[    0.936242] shpchp 0000:00:06.0: Requesting control of SHPC hotplug via OSHP (\_SB_.PCI0)
[    0.937446] shpchp 0000:00:06.0: Cannot get control of SHPC hotplug
[    0.938261] shpchp 0000:00:07.0: Requesting control of SHPC hotplug via OSHP (\_SB_.PCI0.S38_)
[    0.939495] shpchp 0000:00:07.0: Requesting control of SHPC hotplug via OSHP (\_SB_.PCI0)
[    0.940686] shpchp 0000:00:07.0: Cannot get control of SHPC hotplug
[    0.941509] shpchp 0000:00:08.0: Requesting control of SHPC hotplug via OSHP (\_SB_.PCI0.S40_)
[    0.942734] shpchp 0000:00:08.0: Requesting control of SHPC hotplug via OSHP (\_SB_.PCI0)
[    0.943924] shpchp 0000:00:08.0: Cannot get control of SHPC hotplug
[    0.944745] shpchp 0000:00:09.0: Requesting control of SHPC hotplug via OSHP (\_SB_.PCI0.S48_)
[    0.945975] shpchp 0000:00:09.0: Requesting control of SHPC hotplug via OSHP (\_SB_.PCI0)
[    0.947166] shpchp 0000:00:09.0: Cannot get control of SHPC hotplug
[    0.947984] shpchp 0000:00:0a.0: Requesting control of SHPC hotplug via OSHP (\_SB_.PCI0.S50_)
[    0.949210] shpchp 0000:00:0a.0: Requesting control of SHPC hotplug via OSHP (\_SB_.PCI0)
[    0.950403] shpchp 0000:00:0a.0: Cannot get control of SHPC hotplug
[    0.951217] shpchp 0000:00:0b.0: Requesting control of SHPC hotplug via OSHP (\_SB_.PCI0.S58_)
[    0.952452] shpchp 0000:00:0b.0: Requesting control of SHPC hotplug via OSHP (\_SB_.PCI0)
[    0.953649] shpchp 0000:00:0b.0: Cannot get control of SHPC hotplug
[    0.954459] shpchp 0000:00:0c.0: Requesting control of SHPC hotplug via OSHP (\_SB_.PCI0.S60_)
[    0.955690] shpchp 0000:00:0c.0: Requesting control of SHPC hotplug via OSHP (\_SB_.PCI0)
[    0.956882] shpchp 0000:00:0c.0: Cannot get control of SHPC hotplug
[    0.957688] shpchp: Standard Hot Plug PCI Controller Driver version: 0.4
[    0.958536] intel_idle: does not run on family 6 model 106
[    0.958662] input: Power Button as /devices/LNXSYSTM:00/LNXPWRBN:00/input/input0
[    0.959813] ACPI: Power Button [PWRF]
[    0.960690] virtio-pci 0000:00:03.0: virtio_pci: leaving for legacy driver
[    0.978960] virtio-pci 0000:00:04.0: virtio_pci: leaving for legacy driver
[    1.015105] PCI Interrupt Link [LNKA] enabled at IRQ 10
[    1.032070] PCI Interrupt Link [LNKB] enabled at IRQ 10
[    1.033739] Serial: 8250/16550 driver, 4 ports, IRQ sharing enabled
[    1.057013] 00:04: ttyS0 at I/O 0x3f8 (irq = 4, base_baud = 115200) is a 16550A
[    1.058595] Non-volatile memory driver v1.3
[    1.059438] rdac: device handler registered
[    1.060133] hp_sw: device handler registered
[    1.060807] emc: device handler registered
[    1.061498] alua: device handler registered
[    1.062153] libphy: Fixed MDIO Bus: probed
[    1.062856] ehci_hcd: USB 2.0 'Enhanced' Host Controller (EHCI) Driver
[    1.063777] ehci-pci: EHCI PCI platform driver
[    1.064432] ohci_hcd: USB 1.1 'Open' Host Controller (OHCI) Driver
[    1.065205] ohci-pci: OHCI PCI platform driver
[    1.065860] uhci_hcd: USB Universal Host Controller Interface driver
[    1.082249] uhci_hcd 0000:00:01.2: UHCI Host Controller
[    1.083053] uhci_hcd 0000:00:01.2: new USB bus registered, assigned bus number 1
[    1.084194] uhci_hcd 0000:00:01.2: detected 2 ports
[    1.084948] uhci_hcd 0000:00:01.2: irq 11, io base 0x00009040
[    1.085758] usb usb1: New USB device found, idVendor=1d6b, idProduct=0001, bcdDevice= 4.19
[    1.086976] usb usb1: New USB device strings: Mfr=3, Product=2, SerialNumber=1
[    1.088113] usb usb1: Product: UHCI Host Controller
[    1.088820] usb usb1: Manufacturer: Linux 4.19.90-2003.4.0.0036.oe1.x86_64 uhci_hcd
[    1.089983] usb usb1: SerialNumber: 0000:00:01.2
[    1.090745] hub 1-0:1.0: USB hub found
[    1.091364] hub 1-0:1.0: 2 ports detected
[    1.092107] usbcore: registered new interface driver usbserial_generic
[    1.092954] usbserial: USB Serial support registered for generic
[    1.093782] i8042: PNP: PS/2 Controller [PNP0303:KBD,PNP0f13:MOU] at 0x60,0x64 irq 1,12
[    1.095472] serio: i8042 KBD port at 0x60,0x64 irq 1
[    1.096172] serio: i8042 AUX port at 0x60,0x64 irq 12
[    1.096970] mousedev: PS/2 mouse device common for all mice
[    1.097849] rtc_cmos 00:00: RTC can wake from S4
[    1.098828] input: AT Translated Set 2 keyboard as /devices/platform/i8042/serio0/input/input1
[    1.101087] rtc_cmos 00:00: registered as rtc0
[    1.101794] rtc_cmos 00:00: alarms up to one day, y3k, 114 bytes nvram
[    1.102906] hidraw: raw HID events driver (C) Jiri Kosina
[    1.103687] usbcore: registered new interface driver usbhid
[    1.104436] usbhid: USB HID core driver
[    1.105137] drop_monitor: Initializing network drop monitor service
[    1.106000] Initializing XFRM netlink socket
[    1.106742] NET: Registered protocol family 10
[    1.107583] Segment Routing with IPv6
[    1.108216] NET: Registered protocol family 17
[    1.108921] mpls_gso: MPLS GSO support
[    1.109708] core: Using 10 MCE banks
[    1.110320] AVX2 version of gcm_enc/dec engaged.
[    1.110994] AES CTR mode by8 optimization enabled
[    1.118737] sched_clock: Marking stable (1019077566, 99656618)->(1219341089, -100606905)
[    1.120197] registered taskstats version 1
[    1.120894] Loading compiled-in X.509 certificates
[    1.143082] Loaded X.509 cert 'EulerOS kernel signing key: 70defeb14ceb0eb090b5a94e35939decd13058bd'
[    1.145216] zswap: loaded using pool lzo/zbud
[    1.148309] Key type big_key registered
[    1.150162] Key type trusted registered
[    1.151965] Key type encrypted registered
[    1.152671] ima: No TPM chip found, activating TPM-bypass!
[    1.153403] ima: Allocated hash algorithm: sha1
[    1.154097] evm: Initialising EVM extended attributes:
[    1.154824] evm: security.selinux
[    1.155382] evm: security.ima
[    1.155943] evm: security.capability
[    1.156536] evm: HMAC attrs: 0x1
[    1.157350] rtc_cmos 00:00: setting system clock to 2024-12-05 06:13:14 UTC (1733379194)
[    1.158598] NMI watchdog: Perf NMI watchdog permanently disabled
[    1.398205] Freeing unused decrypted memory: 2040K
[    1.436299] Freeing unused kernel image memory: 2360K
[    1.440470] Write protecting the kernel read-only data: 18432k
[    1.442176] Freeing unused kernel image memory: 2012K
[    1.442988] Freeing unused kernel image memory: 404K
[    1.443691] Run /init as init process
[    1.450047] systemd[1]: systemd v243-18.oe1 running in system mode. (+PAM +AUDIT +SELINUX +IMA -APPARMOR +SMACK +SYSVINIT +UTMP +LIBCRYPTSETUP +GCRYPT +GNUTLS +ACL +XZ +LZ4 +SECCOMP +BLKID +ELFUTILS +KMOD +IDN2 -IDN +PCRE2 default-hierarchy=legacy)
[    1.452901] systemd[1]: Detected virtualization kvm.
[    1.453625] systemd[1]: Detected architecture x86-64.
[    1.454324] systemd[1]: Running in initial RAM disk.
[    1.457418] systemd[1]: Set hostname to <localhost.localdomain>.
[    1.493326] systemd[1]: Started Dispatch Password Requests to Console Directory Watch.
[    1.495276] systemd[1]: Reached target Local File Systems.
[    1.496485] systemd[1]: Reached target Paths.
[    1.497514] systemd[1]: Reached target Slices.
[    1.498540] systemd[1]: Reached target Swap.
[    1.513163] random: fast init done
[    1.624474] usb 1-1: new full-speed USB device number 2 using uhci_hcd
[    1.761360] audit: type=1130 audit(1733379195.103:2): pid=1 uid=0 auid=4294967295 ses=4294967295 subj=kernel msg='unit=dracut-cmdline comm="systemd" exe="/usr/lib/systemd/systemd" hostname=? addr=? terminal=? res=success'
[    1.786594] audit: type=1130 audit(1733379195.129:3): pid=1 uid=0 auid=4294967295 ses=4294967295 subj=kernel msg='unit=dracut-pre-udev comm="systemd" exe="/usr/lib/systemd/systemd" hostname=? addr=? terminal=? res=success'
[    1.793100] audit: type=1130 audit(1733379195.134:4): pid=1 uid=0 auid=4294967295 ses=4294967295 subj=kernel msg='unit=systemd-journald comm="systemd" exe="/usr/lib/systemd/systemd" hostname=? addr=? terminal=? res=success'
[    1.806517] audit: type=1130 audit(1733379195.146:5): pid=1 uid=0 auid=4294967295 ses=4294967295 subj=kernel msg='unit=systemd-tmpfiles-setup comm="systemd" exe="/usr/lib/systemd/systemd" hostname=? addr=? terminal=? res=success'
[    1.830659] usb 1-1: New USB device found, idVendor=0627, idProduct=0001, bcdDevice= 0.00
[    1.831991] usb 1-1: New USB device strings: Mfr=1, Product=3, SerialNumber=10
[    1.843559] usb 1-1: Product: QEMU USB Tablet
[    1.844579] usb 1-1: Manufacturer: QEMU
[    1.845528] usb 1-1: SerialNumber: 28754-0000:00:01.2-1
[    1.853710] input: QEMU QEMU USB Tablet as /devices/pci0000:00/0000:00:01.2/usb1/1-1/1-1:1.0/0003:0627:0001.0001/input/input4
[    1.856021] hid-generic 0003:0627:0001.0001: input,hidraw0: USB HID v0.01 Mouse [QEMU QEMU USB Tablet] on usb-0000:00:01.2-1/input0
[    1.964290] audit: type=1130 audit(1733379195.306:6): pid=1 uid=0 auid=4294967295 ses=4294967295 subj=kernel msg='unit=systemd-udevd comm="systemd" exe="/usr/lib/systemd/systemd" hostname=? addr=? terminal=? res=success'
[    2.029034] audit: type=1130 audit(1733379195.367:7): pid=1 uid=0 auid=4294967295 ses=4294967295 subj=kernel msg='unit=systemd-udev-trigger comm="systemd" exe="/usr/lib/systemd/systemd" hostname=? addr=? terminal=? res=success'
[    2.053428] input: ImExPS/2 Generic Explorer Mouse as /devices/platform/i8042/serio1/input/input3
[    2.060754] libata version 3.00 loaded.
[    2.061826] ata_piix 0000:00:01.1: version 2.13
[    2.066820] scsi host0: ata_piix
[    2.074632] scsi host1: ata_piix
[    2.075948] ata1: PATA max MWDMA2 cmd 0x1f0 ctl 0x3f6 bmdma 0x9080 irq 14
[    2.077189] scsi host2: Virtio SCSI HBA
[    2.078109] ata2: PATA max MWDMA2 cmd 0x170 ctl 0x376 bmdma 0x9088 irq 15
[    2.166544] scsi 2:0:0:0: Direct-Access     Huawei   VBS fileIO       1.0  PQ: 0 ANSI: 5
[    2.243334] sd 2:0:0:0: [sda] 83886080 512-byte logical blocks: (42.9 GB/40.0 GiB)
[    2.243362] sd 2:0:0:0: [sda] Write Protect is off
[    2.243363] sd 2:0:0:0: [sda] Mode Sense: 69 00 00 08
[    2.243412] sd 2:0:0:0: [sda] Write cache: disabled, read cache: enabled, doesn't support DPO or FUA
[    2.244489]  sda: sda1
[    2.244825] sd 2:0:0:0: [sda] Attached SCSI disk
[    2.286308] audit: type=1130 audit(1733379195.628:8): pid=1 uid=0 auid=4294967295 ses=4294967295 subj=kernel msg='unit=dracut-initqueue comm="systemd" exe="/usr/lib/systemd/systemd" hostname=? addr=? terminal=? res=success'
[    2.355843] audit: type=1130 audit(1733379195.698:9): pid=1 uid=0 auid=4294967295 ses=4294967295 subj=kernel msg='unit=systemd-fsck-root comm="systemd" exe="/usr/lib/systemd/systemd" hostname=? addr=? terminal=? res=success'
[    2.376246] EXT4-fs (sda1): mounted filesystem with ordered data mode. Opts: (null)
[    2.519759] audit: type=1130 audit(1733379195.862:10): pid=1 uid=0 auid=4294967295 ses=4294967295 subj=kernel msg='unit=initrd-parse-etc comm="systemd" exe="/usr/lib/systemd/systemd" hostname=? addr=? terminal=? res=success'
[    2.710136] systemd-journald[196]: Received SIGTERM from PID 1 (systemd).
[    3.306230] systemd: 27 output lines suppressed due to ratelimiting
[    3.770603] random: crng init done
[    4.789981] SELinux:  Disabled at runtime.
[    5.250804] systemd[1]: systemd v243-18.oe1 running in system mode. (+PAM +AUDIT +SELINUX +IMA -APPARMOR +SMACK +SYSVINIT +UTMP +LIBCRYPTSETUP +GCRYPT +GNUTLS +ACL +XZ +LZ4 +SECCOMP +BLKID +ELFUTILS +KMOD +IDN2 -IDN +PCRE2 default-hierarchy=legacy)
[    5.253913] systemd[1]: Detected virtualization kvm.
[    5.254696] systemd[1]: Detected architecture x86-64.
[    5.258173] systemd[1]: Set hostname to <localhost.localdomain>.
[    5.366891] systemd-rc-local-generator[440]: /etc/rc.d/rc.local is not marked executable, skipping.
[    5.894486] systemd[1]: /usr/lib/systemd/system/auditd.service:13: PIDFile= references a path below legacy directory /var/run/, updating /var/run/auditd.pid  /run/auditd.pid; please update the unit file accordingly.
[    6.044091] systemd[1]: /usr/lib/systemd/system/dbus.socket:5: ListenStream= references a path below legacy directory /var/run/, updating /var/run/dbus/system_bus_socket  /run/dbus/system_bus_socket; please update the unit file accordingly.
[    6.340070] systemd[1]: /usr/lib/systemd/system/restorecond.service:9: PIDFile= references a path below legacy directory /var/run/, updating /var/run/restorecond.pid  /run/restorecond.pid; please update the unit file accordingly.
[    6.434163] systemd[1]: /usr/lib/systemd/system/irqbalance.service:9: PIDFile= references a path below legacy directory /var/run/, updating /var/run/irqbalance.pid  /run/irqbalance.pid; please update the unit file accordingly.
[    6.505161] systemd[1]: /usr/lib/systemd/system/chronyd.service:10: PIDFile= references a path below legacy directory /var/run/, updating /var/run/chrony/chronyd.pid  /run/chrony/chronyd.pid; please update the unit file accordingly.
[    6.556607] kauditd_printk_skb: 17 callbacks suppressed
[    6.556608] audit: type=1131 audit(1733379199.899:28): pid=1 uid=0 auid=4294967295 ses=4294967295 msg='unit=systemd-journald comm="systemd" exe="/usr/lib/systemd/systemd" hostname=? addr=? terminal=? res=success'
[    6.556757] systemd[1]: initrd-switch-root.service: Succeeded.
[    6.561730] audit: type=1130 audit(1733379199.904:29): pid=1 uid=0 auid=4294967295 ses=4294967295 msg='unit=initrd-switch-root comm="systemd" exe="/usr/lib/systemd/systemd" hostname=? addr=? terminal=? res=success'
[    6.564444] audit: type=1131 audit(1733379199.904:30): pid=1 uid=0 auid=4294967295 ses=4294967295 msg='unit=initrd-switch-root comm="systemd" exe="/usr/lib/systemd/systemd" hostname=? addr=? terminal=? res=success'
[    6.631856] audit: type=1130 audit(1733379199.974:31): pid=1 uid=0 auid=4294967295 ses=4294967295 msg='unit=systemd-journald comm="systemd" exe="/usr/lib/systemd/systemd" hostname=? addr=? terminal=? res=success'
[    6.635539] audit: type=1131 audit(1733379199.974:32): pid=1 uid=0 auid=4294967295 ses=4294967295 msg='unit=systemd-journald comm="systemd" exe="/usr/lib/systemd/systemd" hostname=? addr=? terminal=? res=success'
[    6.661968] EXT4-fs (sda1): re-mounted. Opts: (null)
[    6.665126] audit: type=1130 audit(1733379200.007:33): pid=1 uid=0 auid=4294967295 ses=4294967295 msg='unit=systemd-remount-fs comm="systemd" exe="/usr/lib/systemd/systemd" hostname=? addr=? terminal=? res=success'
[    6.696377] audit: type=1130 audit(1733379200.038:34): pid=1 uid=0 auid=4294967295 ses=4294967295 msg='unit=kmod-static-nodes comm="systemd" exe="/usr/lib/systemd/systemd" hostname=? addr=? terminal=? res=success'
[    6.719774] audit: type=1130 audit(1733379200.062:35): pid=1 uid=0 auid=4294967295 ses=4294967295 msg='unit=systemd-random-seed comm="systemd" exe="/usr/lib/systemd/systemd" hostname=? addr=? terminal=? res=success'
[    6.737325] audit: type=1130 audit(1733379200.079:36): pid=1 uid=0 auid=4294967295 ses=4294967295 msg='unit=systemd-udev-trigger comm="systemd" exe="/usr/lib/systemd/systemd" hostname=? addr=? terminal=? res=success'
[    6.761932] audit: type=1130 audit(1733379200.104:37): pid=1 uid=0 auid=4294967295 ses=4294967295 msg='unit=systemd-sysctl comm="systemd" exe="/usr/lib/systemd/systemd" hostname=? addr=? terminal=? res=success'
[    6.902589] systemd-journald[462]: Received client request to flush runtime journal.
[    8.203478] piix4_smbus 0000:00:01.3: SMBus Host Controller at 0x700, revision 0
[    8.305835] [TTM] Zone  kernel: Available graphics memory: 1693020 kiB
[    8.307339] [TTM] Initializing pool allocator
[    8.315484] [TTM] Initializing DMA pool allocator
[    8.316979] [drm] fb mappable at 0xFA000000
[    8.318161] [drm] vram aper at 0xFA000000
[    8.319290] [drm] size 33554432
[    8.320355] [drm] fb depth is 24
[    8.321378] [drm]    pitch is 3072
[    8.523561] fbcon: cirrusdrmfb (fb0) is primary device
[    8.741622] Console: switching to colour frame buffer device 128x48
[    8.821613] cirrus 0000:00:02.0: fb0: cirrusdrmfb frame buffer device
[    8.843506] [drm] Initialized cirrus 1.0.0 20110418 for 0000:00:02.0 on minor 0
[    9.223050] input: PC Speaker as /devices/platform/pcspkr/input/input5
[    9.237482] sd 2:0:0:0: Attached scsi generic sg0 type 0
[   10.839328] IPv6: ADDRCONF(NETDEV_UP): eth0: link is not ready
[   13.300252] VFS: Open an exclusive opened block device for write sda1 [3825 resize2fs].
[  371.012457] systemd-rc-local-generator[7638]: /etc/rc.d/rc.local is not marked executable, skipping.
[196877.604790] homework2: loading out-of-tree module taints kernel.
[196877.605338] homework2: module license 'unspecified' taints kernel.
[196877.605825] Disabling lock debugging due to kernel taint
[196877.606395] homework2: module verification failed: signature and/or required key missing - tainting kernel
[196877.607463] This is for homework2.
[196877.607804] PDE 0: 0
[196877.607978] PDE 1: 0
[196877.608146] PDE 2: 0
[196877.608332] PDE 3: 0
[196877.608538] PDE 4: 0
[196877.608735] PDE 5: 0
[196877.608904] PDE 6: 0
[196877.609073] PDE 7: 0
[196877.609268] PDE 8: 0
[196877.609500] PDE 9: 0
[196877.609745] PDE 10: 0
[196877.609995] PDE 11: 0
[196877.610250] PDE 12: 0
[196877.610484] PDE 13: 0
[196877.610660] PDE 14: 0
[196877.610848] PDE 15: 0
[196877.611026] PDE 16: 0
[196877.611213] PDE 17: 0
[196877.611464] PDE 18: 0
[196877.611691] PDE 19: 0
[196877.611874] PDE 20: 0
[196877.612049] PDE 21: 0
[196877.612240] PDE 22: 0
[196877.612486] PDE 23: 0
[196877.612741] PDE 24: 0
[196877.612987] PDE 25: 0
[196877.613249] PDE 26: 0
[196877.613468] PDE 27: 0
[196877.613641] PDE 28: 0
[196877.613823] PDE 29: 0
[196877.613998] PDE 30: 0
[196877.614173] PDE 31: 0
[196877.614389] PDE 32: 0
[196877.614607] PDE 33: 0
[196877.614790] PDE 34: 0
[196877.614965] PDE 35: 0
[196877.615141] PDE 36: 0
[196877.615349] PDE 37: 0
[196877.615562] PDE 38: 0
[196877.615953] PDE 39: 0
[196877.616386] PDE 40: 0
[196877.616784] PDE 41: 0
[196877.617115] PDE 42: 0
[196877.617483] PDE 43: 0
[196877.617820] PDE 44: 0
[196877.618104] PDE 45: 0
[196877.618426] PDE 46: 0
[196877.618713] PDE 47: 0
[196877.618974] PDE 48: 0
[196877.619252] PDE 49: 0
[196877.619553] PDE 50: 0
[196877.619806] PDE 51: 0
[196877.620050] PDE 52: 0
[196877.620327] PDE 53: 0
[196877.620631] PDE 54: 0
[196877.620889] PDE 55: 0
[196877.621135] PDE 56: 0
[196877.621410] PDE 57: 0
[196877.621721] PDE 58: 0
[196877.621967] PDE 59: 0
[196877.622234] PDE 60: 0
[196877.622509] PDE 61: 0
[196877.622790] PDE 62: 0
[196877.623048] PDE 63: 0
[196877.623327] PDE 64: 0
[196877.623630] PDE 65: 0
[196877.623883] PDE 66: 0
[196877.624127] PDE 67: 0
[196877.624400] PDE 68: 0
[196877.624718] PDE 69: 0
[196877.624965] PDE 70: 0
[196877.625232] PDE 71: 0
[196877.625506] PDE 72: 0
[196877.625788] PDE 73: 0
[196877.626033] PDE 74: 0
[196877.626308] PDE 75: 0
[196877.626584] PDE 76: 0
[196877.626862] PDE 77: 0
[196877.627113] PDE 78: 0
[196877.627391] PDE 79: 0
[196877.627693] PDE 80: 0
[196877.627949] PDE 81: 0
[196877.628204] PDE 82: 0
[196877.628473] PDE 83: 0
[196877.628744] PDE 84: 0
[196877.628992] PDE 85: 0
[196877.629260] PDE 86: 0
[196877.629537] PDE 87: 0
[196877.629808] PDE 88: 0
[196877.630051] PDE 89: 0
[196877.630329] PDE 90: 0
[196877.630609] PDE 91: 0
[196877.630889] PDE 92: 0
[196877.631133] PDE 93: 0
[196877.631408] PDE 94: 0
[196877.631686] PDE 95: 0
[196877.631963] PDE 96: 0
[196877.632237] PDE 97: 0
[196877.632516] PDE 98: 0
[196877.632792] PDE 99: 0
[196877.633036] PDE 100: 0
[196877.633319] PDE 101: 0
[196877.633603] PDE 102: 0
[196877.633893] PDE 103: 0
[196877.634143] PDE 104: 0
[196877.634425] PDE 105: 0
[196877.634720] PDE 106: 0
[196877.634991] PDE 107: 0
[196877.635265] PDE 108: 0
[196877.635542] PDE 109: 0
[196877.635808] PDE 110: 0
[196877.636073] PDE 111: 0
[196877.636355] PDE 112: 0
[196877.636639] PDE 113: 0
[196877.636915] PDE 114: 0
[196877.637168] PDE 115: 0
[196877.637449] PDE 116: 0
[196877.637741] PDE 117: 0
[196877.638017] PDE 118: 0
[196877.638297] PDE 119: 0
[196877.638591] PDE 120: 0
[196877.638852] PDE 121: 0
[196877.639130] PDE 122: 0
[196877.639411] PDE 123: 0
[196877.639709] PDE 124: 0
[196877.639978] PDE 125: 0
[196877.640252] PDE 126: 0
[196877.640531] PDE 127: 0
[196877.640789] PDE 128: 0
[196877.641069] PDE 129: 0
[196877.641350] PDE 130: 0
[196877.641633] PDE 131: 0
[196877.641891] PDE 132: 0
[196877.642159] PDE 133: 0
[196877.642442] PDE 134: 0
[196877.642735] PDE 135: 0
[196877.643003] PDE 136: 0
[196877.643283] PDE 137: 0
[196877.643561] PDE 138: 0
[196877.643817] PDE 139: 0
[196877.644098] PDE 140: 0
[196877.644379] PDE 141: 0
[196877.644663] PDE 142: 0
[196877.644921] PDE 143: 0
[196877.645212] PDE 144: 0
[196877.645489] PDE 145: 0
[196877.645750] PDE 146: 0
[196877.646005] PDE 147: 0
[196877.646307] PDE 148: 0
[196877.646589] PDE 149: 0
[196877.646846] PDE 150: 0
[196877.647112] PDE 151: 0
[196877.647393] PDE 152: 0
[196877.647680] PDE 153: 0
[196877.647937] PDE 154: 0
[196877.648234] PDE 155: 0
[196877.648513] PDE 156: 0
[196877.648770] PDE 157: 0
[196877.649018] PDE 158: 0
[196877.649320] PDE 159: 0
[196877.649606] PDE 160: 0
[196877.649865] PDE 161: 0
[196877.650134] PDE 162: 0
[196877.650415] PDE 163: 0
[196877.650705] PDE 164: 0
[196877.650955] PDE 165: 0
[196877.651248] PDE 166: 0
[196877.651523] PDE 167: 0
[196877.651780] PDE 168: 0
[196877.652029] PDE 169: 0
[196877.652332] PDE 170: 0
[196877.652616] PDE 171: 0
[196877.652874] PDE 172: b9e05067
[196877.653186] PDE 173: 0
[196877.653510] PDE 174: 0
[196877.653811] PDE 175: 0
[196877.654066] PDE 176: 0
[196877.654387] PDE 177: 0
[196877.654670] PDE 178: 0
[196877.654928] PDE 179: 0
[196877.655188] PDE 180: 0
[196877.655486] PDE 181: 0
[196877.655784] PDE 182: 0
[196877.656036] PDE 183: 0
[196877.656340] PDE 184: 0
[196877.656620] PDE 185: 0
[196877.656883] PDE 186: 0
[196877.657135] PDE 187: 0
[196877.657440] PDE 188: 0
[196877.657733] PDE 189: 0
[196877.657987] PDE 190: 0
[196877.658277] PDE 191: 0
[196877.658561] PDE 192: 0
[196877.658823] PDE 193: 0
[196877.659077] PDE 194: 0
[196877.659374] PDE 195: 0
[196877.659661] PDE 196: 0
[196877.659924] PDE 197: 0
[196877.660175] PDE 198: 0
[196877.660477] PDE 199: 0
[196877.660771] PDE 200: 0
[196877.661025] PDE 201: 0
[196877.661310] PDE 202: 0
[196877.661608] PDE 203: 0
[196877.661871] PDE 204: 0
[196877.662123] PDE 205: 0
[196877.662422] PDE 206: 0
[196877.662717] PDE 207: 0
[196877.662973] PDE 208: 0
[196877.663249] PDE 209: 0
[196877.663557] PDE 210: 0
[196877.663820] PDE 211: 0
[196877.664072] PDE 212: 0
[196877.664358] PDE 213: 0
[196877.664673] PDE 214: 0
[196877.664934] PDE 215: 0
[196877.665186] PDE 216: 0
[196877.665471] PDE 217: 0
[196877.665787] PDE 218: 0
[196877.666043] PDE 219: 0
[196877.666327] PDE 220: 0
[196877.666619] PDE 221: 0
[196877.666882] PDE 222: 0
[196877.667132] PDE 223: 0
[196877.667413] PDE 224: 0
[196877.667748] PDE 225: 0
[196877.667998] PDE 226: 0
[196877.668277] PDE 227: 0
[196877.668554] PDE 228: 0
[196877.668840] PDE 229: 0
[196877.669088] PDE 230: 0
[196877.669368] PDE 231: 0
[196877.669650] PDE 232: 0
[196877.669937] PDE 233: 0
[196877.670187] PDE 234: 0
[196877.670470] PDE 235: 0
[196877.670776] PDE 236: 0
[196877.671027] PDE 237: 0
[196877.671306] PDE 238: 0
[196877.671587] PDE 239: 0
[196877.671873] PDE 240: 0
[196877.672125] PDE 241: 0
[196877.672406] PDE 242: 0
[196877.672689] PDE 243: 0
[196877.672973] PDE 244: 0
[196877.673261] PDE 245: 0
[196877.673541] PDE 246: 0
[196877.673819] PDE 247: 0
[196877.674068] PDE 248: 0
[196877.674350] PDE 249: 0
[196877.674634] PDE 250: 0
[196877.674912] PDE 251: 0
[196877.675162] PDE 252: 0
[196877.675458] PDE 253: 0
[196877.675747] PDE 254: b9c30067
[196877.676069] PDE 255: adac8067
[196877.676394] PDE 256: 0
[196877.676676] PDE 257: 0
[196877.676961] PDE 258: 0
[196877.677236] PDE 259: 0
[196877.677516] PDE 260: 0
[196877.677781] PDE 261: 0
[196877.678062] PDE 262: 0
[196877.678351] PDE 263: 0
[196877.678642] PDE 264: 0
[196877.678925] PDE 265: 0
[196877.679180] PDE 266: 0
[196877.679465] PDE 267: 0
[196877.679756] PDE 268: 0
[196877.680031] PDE 269: 0
[196877.680317] PDE 270: 0
[196877.680600] PDE 271: 0
[196877.680865] PDE 272: 0
[196877.681142] PDE 273: 0
[196877.681432] PDE 274: 0
[196877.681730] PDE 275: 0
[196877.682003] PDE 276: 0
[196877.682289] PDE 277: 0
[196877.682573] PDE 278: 0
[196877.682835] PDE 279: 0
[196877.683110] PDE 280: 0
[196877.683397] PDE 281: 0
[196877.683683] PDE 282: 0
[196877.683947] PDE 283: 0
[196877.684249] PDE 284: 0
[196877.684530] PDE 285: 0
[196877.684793] PDE 286: 0
[196877.685069] PDE 287: 0
[196877.685358] PDE 288: 0
[196877.685644] PDE 289: 0
[196877.685907] PDE 290: 0
[196877.686186] PDE 291: 0
[196877.686472] PDE 292: 0
[196877.686768] PDE 293: 0
[196877.687026] PDE 294: 0
[196877.687328] PDE 295: 0
[196877.687610] PDE 296: 0
[196877.687872] PDE 297: 0
[196877.688155] PDE 298: 0
[196877.688444] PDE 299: 0
[196877.688741] PDE 300: 0
[196877.688993] PDE 301: 0
[196877.689304] PDE 302: 0
[196877.689584] PDE 303: 5ca01067
[196877.689889] PDE 304: 0
[196877.690161] PDE 305: 0
[196877.690449] PDE 306: 0
[196877.690742] PDE 307: 0
[196877.690995] PDE 308: 0
[196877.691305] PDE 309: 0
[196877.691588] PDE 310: 0
[196877.691851] PDE 311: 0
[196877.692106] PDE 312: 0
[196877.692415] PDE 313: 0
[196877.692711] PDE 314: 0
[196877.692966] PDE 315: 0
[196877.693262] PDE 316: 0
[196877.693543] PDE 317: 0
[196877.693806] PDE 318: 0
[196877.694057] PDE 319: 0
[196877.694366] PDE 320: 0
[196877.694652] PDE 321: 0
[196877.694915] PDE 322: 0
[196877.695169] PDE 323: 0
[196877.695477] PDE 324: 0
[196877.695774] PDE 325: 0
[196877.696026] PDE 326: 0
[196877.696323] PDE 327: 0
[196877.696603] PDE 328: 0
[196877.696865] PDE 329: 0
[196877.697120] PDE 330: 0
[196877.697430] PDE 331: 0
[196877.697727] PDE 332: 0
[196877.697979] PDE 333: 0
[196877.698265] PDE 334: 0
[196877.698561] PDE 335: 0
[196877.698826] PDE 336: 0
[196877.699077] PDE 337: 0
[196877.699374] PDE 338: 0
[196877.699662] PDE 339: 0
[196877.699920] PDE 340: 0
[196877.700179] PDE 341: 0
[196877.700487] PDE 342: 0
[196877.700785] PDE 343: 0
[196877.701038] PDE 344: 0
[196877.701332] PDE 345: 0
[196877.701617] PDE 346: 0
[196877.701877] PDE 347: 0
[196877.702128] PDE 348: 0
[196877.702427] PDE 349: 0
[196877.702739] PDE 350: 0
[196877.702991] PDE 351: 0
[196877.703263] PDE 352: 0
[196877.703567] PDE 353: 0
[196877.703823] PDE 354: 0
[196877.704073] PDE 355: 0
[196877.704355] PDE 356: 0
[196877.704653] PDE 357: 0
[196877.704910] PDE 358: 0
[196877.705161] PDE 359: 0
[196877.705439] PDE 360: 0
[196877.705752] PDE 361: 0
[196877.706004] PDE 362: 0
[196877.706283] PDE 363: 107d28067
[196877.706635] PDE 364: 0
[196877.706899] PDE 365: 0
[196877.707151] PDE 366: 0
[196877.707435] PDE 367: 0
[196877.707758] PDE 368: 0
[196877.708010] PDE 369: 0
[196877.708293] PDE 370: 0
[196877.708575] PDE 371: 0
[196877.708865] PDE 372: 0
[196877.709120] PDE 373: 0
[196877.709406] PDE 374: 0
[196877.709723] PDE 375: 0
[196877.709978] PDE 376: 0
[196877.710259] PDE 377: 0
[196877.710540] PDE 378: 0
[196877.710832] PDE 379: 0
[196877.711096] PDE 380: 0
[196877.711383] PDE 381: 0
[196877.711679] PDE 382: 0
[196877.711953] PDE 383: 0
[196877.712225] PDE 384: 0
[196877.712507] PDE 385: 0
[196877.712785] PDE 386: 0
[196877.713039] PDE 387: 0
[196877.713326] PDE 388: 0
[196877.713612] PDE 389: 0
[196877.713897] PDE 390: 0
[196877.714152] PDE 391: 0
[196877.714438] PDE 392: 0
[196877.714744] PDE 393: 0
[196877.715007] PDE 394: 0
[196877.715291] PDE 395: 0
[196877.715574] PDE 396: 0
[196877.715864] PDE 397: 0
[196877.716119] PDE 398: 0
[196877.716405] PDE 399: 0
[196877.716692] PDE 400: 0
[196877.716976] PDE 401: 0
[196877.717251] PDE 402: 0
[196877.717547] PDE 403: 0
[196877.717830] PDE 404: 0
[196877.718088] PDE 405: 0
[196877.718377] PDE 406: 0
[196877.718664] PDE 407: 0
[196877.718969] PDE 408: 0
[196877.719252] PDE 409: 0
[196877.719538] PDE 410: 0
[196877.719800] PDE 411: 0
[196877.720076] PDE 412: 0
[196877.720358] PDE 413: 0
[196877.720644] PDE 414: 0
[196877.720924] PDE 415: 0
[196877.721175] PDE 416: 0
[196877.721455] PDE 417: 0
[196877.721745] PDE 418: 0
[196877.722016] PDE 419: 0
[196877.722299] PDE 420: 0
[196877.722579] PDE 421: 0
[196877.722837] PDE 422: 0
[196877.723113] PDE 423: 0
[196877.723405] PDE 424: 0
[196877.723692] PDE 425: 0
[196877.723971] PDE 426: 0
[196877.724244] PDE 427: 133828067
[196877.724569] PDE 428: 0
[196877.724832] PDE 429: 0
[196877.725106] PDE 430: 0
[196877.725392] PDE 431: 0
[196877.725675] PDE 432: 0
[196877.725941] PDE 433: 0
[196877.726234] PDE 434: 0
[196877.726516] PDE 435: 0
[196877.726779] PDE 436: 0
[196877.727054] PDE 437: 0
[196877.727340] PDE 438: 0
[196877.727624] PDE 439: 0
[196877.727885] PDE 440: 0
[196877.728163] PDE 441: 0
[196877.728449] PDE 442: 0
[196877.728819] PDE 443: 0
[196877.729209] PDE 444: 0
[196877.729535] PDE 445: 0
[196877.729837] PDE 446: 0
[196877.730164] PDE 447: 0
[196877.730500] PDE 448: 0
[196877.730797] PDE 449: 0
[196877.731050] PDE 450: 0
[196877.731351] PDE 451: 0
[196877.731631] PDE 452: 0
[196877.731893] PDE 453: 0
[196877.732147] PDE 454: 0
[196877.732456] PDE 455: 0
[196877.732750] PDE 456: 0
[196877.733005] PDE 457: 0
[196877.733289] PDE 458: 0
[196877.733638] PDE 459: 0
[196877.733905] PDE 460: 0
[196877.734158] PDE 461: 0
[196877.734460] PDE 462: 0
[196877.734758] PDE 463: 0
[196877.735011] PDE 464: 0
[196877.735295] PDE 465: 0
[196877.735606] PDE 466: 0
[196877.735869] PDE 467: 0
[196877.736124] PDE 468: 0
[196877.736409] PDE 469: 0
[196877.736728] PDE 470: 0
[196877.736980] PDE 471: 0
[196877.737258] PDE 472: 0
[196877.737552] PDE 473: 0
[196877.737819] PDE 474: 0
[196877.738070] PDE 475: 0
[196877.738353] PDE 476: 0
[196877.738661] PDE 477: 0
[196877.738921] PDE 478: 0
[196877.739168] PDE 479: 0
[196877.739447] PDE 480: 0
[196877.739755] PDE 481: 0
[196877.740004] PDE 482: 0
[196877.740284] PDE 483: 0
[196877.740563] PDE 484: 0
[196877.740849] PDE 485: 0
[196877.741097] PDE 486: 0
[196877.741377] PDE 487: 0
[196877.741678] PDE 488: 0
[196877.741936] PDE 489: 0
[196877.742184] PDE 490: 0
[196877.742465] PDE 491: 0
[196877.742781] PDE 492: 0
[196877.743032] PDE 493: 0
[196877.743313] PDE 494: 0
[196877.743593] PDE 495: 0
[196877.743877] PDE 496: 0
[196877.744124] PDE 497: 1345cd067
[196877.744453] PDE 498: 0
[196877.744762] PDE 499: 0
[196877.745018] PDE 500: 0
[196877.745302] PDE 501: 0
[196877.745583] PDE 502: 0
[196877.745864] PDE 503: 0
[196877.746116] PDE 504: 0
[196877.746403] PDE 505: 0
[196877.746694] PDE 506: 0
[196877.746986] PDE 507: 0
[196877.747267] PDE 508: 1385c9067
[196877.747597] PDE 509: 0
[196877.747893] PDE 510: 5c425067
[196877.748202] PDE 511: 5bc0d067
[196972.718823] Homework2 ends.
[196972.724323] This is for homework2.
[196972.724924] PDE 0: 0
[196972.725246] PDE 1: 0
[196972.725551] PDE 2: 0
[196972.725871] PDE 3: 0
[196972.726162] PDE 4: 0
[196972.726493] PDE 5: 0
[196972.726924] PDE 6: 0
[196972.727341] PDE 7: 0
[196972.727660] PDE 8: 0
[196972.727962] PDE 9: 0
[196972.728225] PDE 10: 0
[196972.728555] PDE 11: 0
[196972.728863] PDE 12: 0
[196972.729135] PDE 13: 0
[196972.729453] PDE 14: 0
[196972.729758] PDE 15: 0
[196972.730023] PDE 16: 0
[196972.730289] PDE 17: 0
[196972.730623] PDE 18: 0
[196972.730937] PDE 19: 0
[196972.731202] PDE 20: 0
[196972.731522] PDE 21: 0
[196972.731830] PDE 22: 0
[196972.732098] PDE 23: 0
[196972.732376] PDE 24: 0
[196972.732733] PDE 25: 0
[196972.733004] PDE 26: 0
[196972.733272] PDE 27: 0
[196972.733592] PDE 28: 0
[196972.733907] PDE 29: 0
[196972.734175] PDE 30: 0
[196972.734474] PDE 31: 0
[196972.734802] PDE 32: 0
[196972.735064] PDE 33: 0
[196972.735326] PDE 34: 0
[196972.735640] PDE 35: 0
[196972.735949] PDE 36: 0
[196972.736214] PDE 37: 0
[196972.736515] PDE 38: 0
[196972.736840] PDE 39: 0
[196972.737103] PDE 40: 0
[196972.737382] PDE 41: 0
[196972.737693] PDE 42: 0
[196972.737966] PDE 43: 0
[196972.738222] PDE 44: 0
[196972.738514] PDE 45: 0
[196972.738840] PDE 46: 0
[196972.739089] PDE 47: 0
[196972.739331] PDE 48: 0
[196972.739606] PDE 49: 0
[196972.739907] PDE 50: 0
[196972.740152] PDE 51: 0
[196972.740418] PDE 52: 0
[196972.740693] PDE 53: 0
[196972.740972] PDE 54: 0
[196972.741230] PDE 55: 0
[196972.741509] PDE 56: 0
[196972.741820] PDE 57: 0
[196972.742064] PDE 58: 0
[196972.742307] PDE 59: 0
[196972.742582] PDE 60: 0
[196972.742898] PDE 61: 0
[196972.743145] PDE 62: 0
[196972.743412] PDE 63: 0
[196972.743685] PDE 64: 0
[196972.743959] PDE 65: 0
[196972.744203] PDE 66: 0
[196972.744476] PDE 67: 0
[196972.744764] PDE 68: 0
[196972.745030] PDE 69: 0
[196972.745273] PDE 70: 0
[196972.745548] PDE 71: 0
[196972.745843] PDE 72: 0
[196972.746099] PDE 73: 0
[196972.746340] PDE 74: 0
[196972.746614] PDE 75: 0
[196972.746916] PDE 76: 0
[196972.747161] PDE 77: 0
[196972.747427] PDE 78: 0
[196972.747699] PDE 79: 0
[196972.747975] PDE 80: 0
[196972.748218] PDE 81: 0
[196972.748492] PDE 82: 0
[196972.748784] PDE 83: 0
[196972.749049] PDE 84: 0
[196972.749293] PDE 85: 0
[196972.749568] PDE 86: 0
[196972.749855] PDE 87: 0
[196972.750122] PDE 88: 0
[196972.750380] PDE 89: 0
[196972.750649] PDE 90: 0
[196972.750901] PDE 91: 0
[196972.751170] PDE 92: 0
[196972.751441] PDE 93: 0
[196972.751727] PDE 94: 0
[196972.751991] PDE 95: 0
[196972.752234] PDE 96: 0
[196972.752510] PDE 97: 0
[196972.752798] PDE 98: 0
[196972.753057] PDE 99: 0
[196972.753301] PDE 100: 0
[196972.753583] PDE 101: 0
[196972.753875] PDE 102: 0
[196972.754164] PDE 103: 0
[196972.754452] PDE 104: 0
[196972.754748] PDE 105: 0
[196972.755003] PDE 106: 0
[196972.755278] PDE 107: 0
[196972.755561] PDE 108: 0
[196972.755852] PDE 109: 0
[196972.756119] PDE 110: 0
[196972.756386] PDE 111: 0
[196972.756666] PDE 112: 0
[196972.756927] PDE 113: 0
[196972.757199] PDE 114: 0
[196972.757480] PDE 115: 0
[196972.757775] PDE 116: 0
[196972.758035] PDE 117: 0
[196972.758318] PDE 118: 0
[196972.758611] PDE 119: 0
[196972.758910] PDE 120: 0
[196972.759176] PDE 121: 0
[196972.759456] PDE 122: 0
[196972.759743] PDE 123: 0
[196972.759993] PDE 124: 0
[196972.760266] PDE 125: 0
[196972.760547] PDE 126: 0
[196972.760835] PDE 127: 0
[196972.761086] PDE 128: 0
[196972.761372] PDE 129: 0
[196972.761647] PDE 130: 0
[196972.761906] PDE 131: 0
[196972.762166] PDE 132: 0
[196972.762448] PDE 133: 0
[196972.762741] PDE 134: 0
[196972.762989] PDE 135: 0
[196972.763254] PDE 136: 0
[196972.763537] PDE 137: 0
[196972.763826] PDE 138: 0
[196972.764075] PDE 139: 0
[196972.764345] PDE 140: 0
[196972.764625] PDE 141: 0
[196972.764918] PDE 142: 0
[196972.765166] PDE 143: 0
[196972.765470] PDE 144: 0
[196972.765757] PDE 145: 0
[196972.766006] PDE 146: 0
[196972.766273] PDE 147: 0
[196972.766553] PDE 148: 0
[196972.766840] PDE 149: 0
[196972.767088] PDE 150: 0
[196972.767372] PDE 151: 0
[196972.767682] PDE 152: 0
[196972.767940] PDE 153: 0
[196972.768187] PDE 154: 0
[196972.768491] PDE 155: 0
[196972.768787] PDE 156: 0
[196972.769037] PDE 157: 0
[196972.769291] PDE 158: 0
[196972.769587] PDE 159: 0
[196972.769874] PDE 160: 0
[196972.770122] PDE 161: 0
[196972.770409] PDE 162: 0
[196972.770688] PDE 163: 0
[196972.770944] PDE 164: 0
[196972.771191] PDE 165: 0
[196972.771499] PDE 166: 0
[196972.771788] PDE 167: 0
[196972.772036] PDE 168: 0
[196972.772283] PDE 169: 0
[196972.772585] PDE 170: 0
[196972.772880] PDE 171: 0
[196972.773128] PDE 172: 364fe067
[196972.773461] PDE 173: 0
[196972.773756] PDE 174: 0
[196972.774009] PDE 175: 0
[196972.774259] PDE 176: 0
[196972.774564] PDE 177: 0
[196972.774860] PDE 178: 0
[196972.775114] PDE 179: 0
[196972.775379] PDE 180: 0
[196972.775683] PDE 181: 0
[196972.775944] PDE 182: 0
[196972.776198] PDE 183: 0
[196972.776484] PDE 184: 0
[196972.776793] PDE 185: 0
[196972.777045] PDE 186: 0
[196972.777298] PDE 187: 0
[196972.777596] PDE 188: 0
[196972.777895] PDE 189: 0
[196972.778149] PDE 190: 0
[196972.778426] PDE 191: 0
[196972.778769] PDE 192: 0
[196972.779050] PDE 193: 0
[196972.779305] PDE 194: 0
[196972.779604] PDE 195: 0
[196972.779898] PDE 196: 0
[196972.780151] PDE 197: 0
[196972.780427] PDE 198: 0
[196972.780744] PDE 199: 0
[196972.780996] PDE 200: 0
[196972.781249] PDE 201: 0
[196972.781535] PDE 202: 0
[196972.781855] PDE 203: 0
[196972.782108] PDE 204: 0
[196972.782373] PDE 205: 0
[196972.782650] PDE 206: 0
[196972.782931] PDE 207: 0
[196972.783183] PDE 208: 0
[196972.783467] PDE 209: 0
[196972.783776] PDE 210: 0
[196972.784031] PDE 211: 0
[196972.784295] PDE 212: 0
[196972.784583] PDE 213: 0
[196972.784907] PDE 214: 0
[196972.785160] PDE 215: 0
[196972.785440] PDE 216: 0
[196972.785735] PDE 217: 0
[196972.786001] PDE 218: 0
[196972.786257] PDE 219: 0
[196972.786538] PDE 220: 0
[196972.786851] PDE 221: 0
[196972.787105] PDE 222: 0
[196972.787352] PDE 223: 0
[196972.787633] PDE 224: 0
[196972.787952] PDE 225: 0
[196972.788202] PDE 226: 0
[196972.788482] PDE 227: 0
[196972.788767] PDE 228: 0
[196972.789039] PDE 229: 0
[196972.789288] PDE 230: 0
[196972.789568] PDE 231: 0
[196972.789878] PDE 232: 0
[196972.790129] PDE 233: 0
[196972.790395] PDE 234: 0
[196972.790686] PDE 235: 0
[196972.790972] PDE 236: 0
[196972.791223] PDE 237: 0
[196972.791504] PDE 238: 0
[196972.791797] PDE 239: 0
[196972.792074] PDE 240: 0
[196972.792323] PDE 241: 0
[196972.792602] PDE 242: 0
[196972.792911] PDE 243: 0
[196972.793162] PDE 244: 0
[196972.793439] PDE 245: 0
[196972.793723] PDE 246: 0
[196972.794001] PDE 247: 0
[196972.794249] PDE 248: 0
[196972.794528] PDE 249: 0
[196972.794817] PDE 250: 0
[196972.795100] PDE 251: 0
[196972.795349] PDE 252: 0
[196972.795629] PDE 253: 0
[196972.795922] PDE 254: 0
[196972.796190] PDE 255: ad988067
[196972.796514] PDE 256: 0
[196972.796803] PDE 257: 0
[196972.797078] PDE 258: 0
[196972.797330] PDE 259: 0
[196972.797613] PDE 260: 0
[196972.797904] PDE 261: 0
[196972.798184] PDE 262: 0
[196972.798467] PDE 263: 0
[196972.798757] PDE 264: 0
[196972.799029] PDE 265: 0
[196972.799279] PDE 266: 0
[196972.799564] PDE 267: 0
[196972.799857] PDE 268: 0
[196972.800128] PDE 269: 0
[196972.800399] PDE 270: 0
[196972.800678] PDE 271: 0
[196972.800941] PDE 272: 0
[196972.801220] PDE 273: 0
[196972.801506] PDE 274: 0
[196972.801803] PDE 275: 0
[196972.802075] PDE 276: 0
[196972.802328] PDE 277: 0
[196972.802611] PDE 278: 0
[196972.802906] PDE 279: 0
[196972.803187] PDE 280: 0
[196972.803471] PDE 281: 0
[196972.803758] PDE 282: 0
[196972.804009] PDE 283: 0
[196972.804281] PDE 284: 0
[196972.804565] PDE 285: 0
[196972.804859] PDE 286: 0
[196972.805132] PDE 287: 0
[196972.805405] PDE 288: 0
[196972.805684] PDE 289: 0
[196972.805946] PDE 290: 0
[196972.806224] PDE 291: 0
[196972.806511] PDE 292: 0
[196972.806808] PDE 293: 0
[196972.807062] PDE 294: 0
[196972.807340] PDE 295: 0
[196972.807626] PDE 296: 0
[196972.807920] PDE 297: 0
[196972.808212] PDE 298: 0
[196972.808510] PDE 299: 0
[196972.808818] PDE 300: 0
[196972.809072] PDE 301: 0
[196972.809350] PDE 302: 0
[196972.809634] PDE 303: 5ca01067
[196972.809974] PDE 304: 0
[196972.810247] PDE 305: 0
[196972.810532] PDE 306: 0
[196972.810822] PDE 307: 0
[196972.811079] PDE 308: 0
[196972.811357] PDE 309: 0
[196972.811644] PDE 310: 0
[196972.811937] PDE 311: 0
[196972.812194] PDE 312: 0
[196972.812507] PDE 313: 0
[196972.812795] PDE 314: 0
[196972.813049] PDE 315: 0
[196972.813322] PDE 316: 0
[196972.813609] PDE 317: 0
[196972.813976] PDE 318: 0
[196972.814253] PDE 319: 0
[196972.814562] PDE 320: 0
[196972.814853] PDE 321: 0
[196972.815108] PDE 322: 0
[196972.815401] PDE 323: 0
[196972.815684] PDE 324: 0
[196972.815946] PDE 325: 0
[196972.816198] PDE 326: 0
[196972.816513] PDE 327: 0
[196972.816812] PDE 328: 0
[196972.817067] PDE 329: 0
[196972.817320] PDE 330: 0
[196972.817625] PDE 331: 0
[196972.817920] PDE 332: 0
[196972.818176] PDE 333: 0
[196972.818474] PDE 334: 0
[196972.818770] PDE 335: 0
[196972.819023] PDE 336: 0
[196972.819278] PDE 337: 0
[196972.819584] PDE 338: 0
[196972.819881] PDE 339: 0
[196972.820133] PDE 340: 0
[196972.820405] PDE 341: 0
[196972.820702] PDE 342: 0
[196972.820962] PDE 343: 0
[196972.821214] PDE 344: 0
[196972.821514] PDE 345: 0
[196972.821806] PDE 346: 0
[196972.822059] PDE 347: 0
[196972.822312] PDE 348: 0
[196972.822615] PDE 349: 0
[196972.822906] PDE 350: 0
[196972.823155] PDE 351: 0
[196972.823429] PDE 352: 0
[196972.823737] PDE 353: 0
[196972.823986] PDE 354: 0
[196972.824233] PDE 355: 0
[196972.824512] PDE 356: 0
[196972.824827] PDE 357: 0
[196972.825076] PDE 358: 0
[196972.825323] PDE 359: 0
[196972.825602] PDE 360: 0
[196972.825903] PDE 361: 0
[196972.826152] PDE 362: 0
[196972.826426] PDE 363: 107d28067
[196972.826781] PDE 364: 0
[196972.827036] PDE 365: 0
[196972.827289] PDE 366: 0
[196972.827575] PDE 367: 0
[196972.827902] PDE 368: 0
[196972.828155] PDE 369: 0
[196972.828447] PDE 370: 0
[196972.828741] PDE 371: 0
[196972.829019] PDE 372: 0
[196972.829271] PDE 373: 0
[196972.829556] PDE 374: 0
[196972.829866] PDE 375: 0
[196972.830120] PDE 376: 0
[196972.830388] PDE 377: 0
[196972.830668] PDE 378: 0
[196972.830957] PDE 379: 0
[196972.831215] PDE 380: 0
[196972.831500] PDE 381: 0
[196972.831796] PDE 382: 0
[196972.832072] PDE 383: 0
[196972.832325] PDE 384: 0
[196972.832609] PDE 385: 0
[196972.832921] PDE 386: 0
[196972.833176] PDE 387: 0
[196972.833459] PDE 388: 0
[196972.833747] PDE 389: 0
[196972.834026] PDE 390: 0
[196972.834280] PDE 391: 0
[196972.834564] PDE 392: 0
[196972.834859] PDE 393: 0
[196972.835135] PDE 394: 0
[196972.835410] PDE 395: 0
[196972.835692] PDE 396: 0
[196972.835975] PDE 397: 0
[196972.836228] PDE 398: 0
[196972.836513] PDE 399: 0
[196972.836807] PDE 400: 0
[196972.837085] PDE 401: 0
[196972.837340] PDE 402: 0
[196972.837626] PDE 403: 0
[196972.837922] PDE 404: 0
[196972.838195] PDE 405: 0
[196972.838479] PDE 406: 0
[196972.838768] PDE 407: 0
[196972.839041] PDE 408: 0
[196972.839297] PDE 409: 0
[196972.839601] PDE 410: 0
[196972.839894] PDE 411: 0
[196972.840166] PDE 412: 0
[196972.840442] PDE 413: 0
[196972.840728] PDE 414: 0
[196972.840980] PDE 415: 0
[196972.841265] PDE 416: 0
[196972.841549] PDE 417: 0
[196972.841844] PDE 418: 0
[196972.842123] PDE 419: 0
[196972.842389] PDE 420: 0
[196972.842678] PDE 421: 0
[196972.843082] PDE 422: 0
[196972.843401] PDE 423: 0
[196972.843741] PDE 424: 0
[196972.843991] PDE 425: 0
[196972.844323] PDE 426: 0
[196972.844617] PDE 427: 133828067
[196972.844969] PDE 428: 0
[196972.845222] PDE 429: 0
[196972.845533] PDE 430: 0
[196972.845824] PDE 431: 0
[196972.846079] PDE 432: 0
[196972.846351] PDE 433: 0
[196972.846637] PDE 434: 0
[196972.846935] PDE 435: 0
[196972.847191] PDE 436: 0
[196972.847507] PDE 437: 0
[196972.847796] PDE 438: 0
[196972.848052] PDE 439: 0
[196972.848305] PDE 440: 0
[196972.848616] PDE 441: 0
[196972.848910] PDE 442: 0
[196972.849162] PDE 443: 0
[196972.849472] PDE 444: 0
[196972.849764] PDE 445: 0
[196972.850018] PDE 446: 0
[196972.850273] PDE 447: 0
[196972.850577] PDE 448: 0
[196972.850869] PDE 449: 0
[196972.851122] PDE 450: 0
[196972.851394] PDE 451: 0
[196972.851680] PDE 452: 0
[196972.851943] PDE 453: 0
[196972.852197] PDE 454: 0
[196972.852494] PDE 455: 0
[196972.852791] PDE 456: 0
[196972.853045] PDE 457: 0
[196972.853295] PDE 458: 0
[196972.853600] PDE 459: 0
[196972.853892] PDE 460: 0
[196972.854147] PDE 461: 0
[196972.854424] PDE 462: 0
[196972.854732] PDE 463: 0
[196972.854984] PDE 464: 0
[196972.855237] PDE 465: 0
[196972.855536] PDE 466: 0
[196972.855829] PDE 467: 0
[196972.856080] PDE 468: 0
[196972.856333] PDE 469: 0
[196972.856640] PDE 470: 0
[196972.856934] PDE 471: 0
[196972.857188] PDE 472: 0
[196972.857473] PDE 473: 0
[196972.857777] PDE 474: 0
[196972.858028] PDE 475: 0
[196972.858287] PDE 476: 0
[196972.858571] PDE 477: 0
[196972.858878] PDE 478: 0
[196972.859128] PDE 479: 0
[196972.859395] PDE 480: 0
[196972.859698] PDE 481: 0
[196972.859958] PDE 482: 0
[196972.860208] PDE 483: 0
[196972.860488] PDE 484: 0
[196972.860803] PDE 485: 0
[196972.861054] PDE 486: 0
[196972.861302] PDE 487: 0
[196972.861580] PDE 488: 0
[196972.861888] PDE 489: 0
[196972.862135] PDE 490: 0
[196972.862402] PDE 491: 0
[196972.862678] PDE 492: 0
[196972.862960] PDE 493: 0
[196972.863207] PDE 494: 0
[196972.863488] PDE 495: 0
[196972.863798] PDE 496: 0
[196972.864048] PDE 497: 1345cd067
[196972.864344] PDE 498: 0
[196972.864628] PDE 499: 0
[196972.864938] PDE 500: 0
[196972.865191] PDE 501: 0
[196972.865475] PDE 502: 0
[196972.865770] PDE 503: 0
[196972.866036] PDE 504: 0
[196972.866287] PDE 505: 0
[196972.866572] PDE 506: 0
[196972.866894] PDE 507: 0
[196972.867146] PDE 508: 1385c9067
[196972.867477] PDE 509: 0
[196972.867769] PDE 510: 5c425067
[196972.868090] PDE 511: 5bc0d067
[197440.827517] Homework2 ends.
[197440.833122] This is for homework2.
[197440.833713] PDE 0: 0
[197440.834010] PDE 1: 0
[197440.834397] PDE 2: 0
[197440.834829] PDE 3: 0
[197440.835266] PDE 4: 0
[197440.835547] PDE 5: 0
[197440.835823] PDE 6: 0
[197440.836087] PDE 7: 0
[197440.836416] PDE 8: 0
[197440.836722] PDE 9: 0
[197440.836997] PDE 10: 0
[197440.837310] PDE 11: 0
[197440.837611] PDE 12: 0
[197440.837887] PDE 13: 0
[197440.838155] PDE 14: 0
[197440.838492] PDE 15: 0
[197440.838803] PDE 16: 0
[197440.839073] PDE 17: 0
[197440.839394] PDE 18: 0
[197440.839693] PDE 19: 0
[197440.839972] PDE 20: 0
[197440.840266] PDE 21: 0
[197440.840581] PDE 22: 0
[197440.840861] PDE 23: 0
[197440.841127] PDE 24: 0
[197440.841449] PDE 25: 0
[197440.841761] PDE 26: 0
[197440.842028] PDE 27: 0
[197440.842331] PDE 28: 0
[197440.842649] PDE 29: 0
[197440.842928] PDE 30: 0
[197440.843196] PDE 31: 0
[197440.843512] PDE 32: 0
[197440.843821] PDE 33: 0
[197440.844085] PDE 34: 0
[197440.844387] PDE 35: 0
[197440.844706] PDE 36: 0
[197440.844981] PDE 37: 0
[197440.845269] PDE 38: 0
[197440.845584] PDE 39: 0
[197440.845860] PDE 40: 0
[197440.846122] PDE 41: 0
[197440.846423] PDE 42: 0
[197440.846734] PDE 43: 0
[197440.847003] PDE 44: 0
[197440.847288] PDE 45: 0
[197440.847587] PDE 46: 0
[197440.847849] PDE 47: 0
[197440.848095] PDE 48: 0
[197440.848371] PDE 49: 0
[197440.848661] PDE 50: 0
[197440.848918] PDE 51: 0
[197440.849160] PDE 52: 0
[197440.849436] PDE 53: 0
[197440.849740] PDE 54: 0
[197440.849991] PDE 55: 0
[197440.850254] PDE 56: 0
[197440.850526] PDE 57: 0
[197440.850806] PDE 58: 0
[197440.851046] PDE 59: 0
[197440.851319] PDE 60: 0
[197440.851596] PDE 61: 0
[197440.851874] PDE 62: 0
[197440.852117] PDE 63: 0
[197440.852392] PDE 64: 0
[197440.852689] PDE 65: 0
[197440.852942] PDE 66: 0
[197440.853187] PDE 67: 0
[197440.853462] PDE 68: 0
[197440.853762] PDE 69: 0
[197440.854006] PDE 70: 0
[197440.854271] PDE 71: 0
[197440.854541] PDE 72: 0
[197440.854816] PDE 73: 0
[197440.855060] PDE 74: 0
[197440.855334] PDE 75: 0
[197440.855609] PDE 76: 0
[197440.855883] PDE 77: 0
[197440.856128] PDE 78: 0
[197440.856402] PDE 79: 0
[197440.856679] PDE 80: 0
[197440.856952] PDE 81: 0
[197440.857195] PDE 82: 0
[197440.857468] PDE 83: 0
[197440.857754] PDE 84: 0
[197440.858017] PDE 85: 0
[197440.858287] PDE 86: 0
[197440.858558] PDE 87: 0
[197440.858834] PDE 88: 0
[197440.859081] PDE 89: 0
[197440.859355] PDE 90: 0
[197440.859629] PDE 91: 0
[197440.859908] PDE 92: 0
[197440.860151] PDE 93: 0
[197440.860426] PDE 94: 0
[197440.860701] PDE 95: 0
[197440.860978] PDE 96: 0
[197440.861239] PDE 97: 0
[197440.861510] PDE 98: 0
[197440.861762] PDE 99: 0
[197440.862027] PDE 100: 0
[197440.862306] PDE 101: 0
[197440.862590] PDE 102: 0
[197440.862856] PDE 103: 0
[197440.863111] PDE 104: 0
[197440.863390] PDE 105: 0
[197440.863688] PDE 106: 0
[197440.863971] PDE 107: 0
[197440.864239] PDE 108: 0
[197440.864517] PDE 109: 0
[197440.864778] PDE 110: 0
[197440.865053] PDE 111: 0
[197440.865337] PDE 112: 0
[197440.865619] PDE 113: 0
[197440.865881] PDE 114: 0
[197440.866156] PDE 115: 0
[197440.866438] PDE 116: 0
[197440.866722] PDE 117: 0
[197440.867000] PDE 118: 0
[197440.867279] PDE 119: 0
[197440.867559] PDE 120: 0
[197440.867818] PDE 121: 0
[197440.868090] PDE 122: 0
[197440.868373] PDE 123: 0
[197440.868656] PDE 124: 0
[197440.868940] PDE 125: 0
[197440.869246] PDE 126: 0
[197440.869527] PDE 127: 0
[197440.869787] PDE 128: 0
[197440.870059] PDE 129: 0
[197440.870342] PDE 130: 0
[197440.870623] PDE 131: 0
[197440.870882] PDE 132: 0
[197440.871154] PDE 133: 0
[197440.871436] PDE 134: 0
[197440.871728] PDE 135: 0
[197440.871998] PDE 136: 0
[197440.872299] PDE 137: 0
[197440.872578] PDE 138: 0
[197440.872842] PDE 139: 0
[197440.873113] PDE 140: 0
[197440.873397] PDE 141: 0
[197440.873678] PDE 142: 0
[197440.873960] PDE 143: 0
[197440.874268] PDE 144: 0
[197440.874549] PDE 145: 0
[197440.874809] PDE 146: 0
[197440.875060] PDE 147: 0
[197440.875361] PDE 148: 0
[197440.875641] PDE 149: 0
[197440.875898] PDE 150: 0
[197440.876183] PDE 151: 0
[197440.876492] PDE 152: 0
[197440.876791] PDE 153: 0
[197440.877041] PDE 154: 0
[197440.877345] PDE 155: 0
[197440.877621] PDE 156: 0
[197440.877880] PDE 157: 0
[197440.878128] PDE 158: 0
[197440.878428] PDE 159: 0
[197440.878708] PDE 160: 0
[197440.878964] PDE 161: 0
[197440.879252] PDE 162: 0
[197440.879527] PDE 163: 0
[197440.879784] PDE 164: 0
[197440.880031] PDE 165: 0
[197440.880343] PDE 166: 0
[197440.880621] PDE 167: 0
[197440.880879] PDE 168: 0
[197440.881129] PDE 169: 0
[197440.881429] PDE 170: 0
[197440.881711] PDE 171: 0
[197440.881969] PDE 172: ab12f067
[197440.882299] PDE 173: 0
[197440.882578] PDE 174: 0
[197440.882840] PDE 175: 0
[197440.883089] PDE 176: 0
[197440.883396] PDE 177: 0
[197440.883681] PDE 178: 0
[197440.883943] PDE 179: 0
[197440.884194] PDE 180: 0
[197440.884500] PDE 181: 0
[197440.884790] PDE 182: 0
[197440.885039] PDE 183: 0
[197440.885337] PDE 184: 0
[197440.885620] PDE 185: 0
[197440.885882] PDE 186: 0
[197440.886132] PDE 187: 0
[197440.886439] PDE 188: 0
[197440.886723] PDE 189: 0
[197440.886981] PDE 190: 0
[197440.887251] PDE 191: 0
[197440.887546] PDE 192: 0
[197440.887806] PDE 193: 0
[197440.888055] PDE 194: 0
[197440.888337] PDE 195: 0
[197440.888642] PDE 196: 0
[197440.888901] PDE 197: 0
[197440.889153] PDE 198: 0
[197440.889435] PDE 199: 0
[197440.889737] PDE 200: 0
[197440.889998] PDE 201: 0
[197440.890275] PDE 202: 0
[197440.890559] PDE 203: 0
[197440.890832] PDE 204: 0
[197440.891082] PDE 205: 0
[197440.891366] PDE 206: 0
[197440.891666] PDE 207: 0
[197440.891926] PDE 208: 0
[197440.892177] PDE 209: 0
[197440.892458] PDE 210: 0
[197440.892775] PDE 211: 0
[197440.893027] PDE 212: 0
[197440.893310] PDE 213: 0
[197440.893589] PDE 214: 0
[197440.893878] PDE 215: 0
[197440.894131] PDE 216: 0
[197440.894413] PDE 217: 0
[197440.894716] PDE 218: 0
[197440.894977] PDE 219: 0
[197440.895246] PDE 220: 0
[197440.895523] PDE 221: 0
[197440.895806] PDE 222: 0
[197440.896053] PDE 223: 0
[197440.896331] PDE 224: 0
[197440.896611] PDE 225: 0
[197440.896894] PDE 226: 0
[197440.897140] PDE 227: 0
[197440.897420] PDE 228: 0
[197440.897701] PDE 229: 0
[197440.897978] PDE 230: 0
[197440.898246] PDE 231: 0
[197440.898545] PDE 232: 0
[197440.898837] PDE 233: 0
[197440.899083] PDE 234: 0
[197440.899363] PDE 235: 0
[197440.899648] PDE 236: 0
[197440.899930] PDE 237: 0
[197440.900179] PDE 238: 0
[197440.900458] PDE 239: 0
[197440.900737] PDE 240: 0
[197440.901023] PDE 241: 0
[197440.901303] PDE 242: 0
[197440.901580] PDE 243: 0
[197440.901860] PDE 244: 0
[197440.902109] PDE 245: 0
[197440.902388] PDE 246: 0
[197440.902670] PDE 247: 0
[197440.902978] PDE 248: 0
[197440.903282] PDE 249: 0
[197440.903553] PDE 250: 0
[197440.903813] PDE 251: 0
[197440.904087] PDE 252: 0
[197440.904367] PDE 253: 0
[197440.904649] PDE 254: 0
[197440.904925] PDE 255: b9fac067
[197440.905230] PDE 256: 0
[197440.905509] PDE 257: 0
[197440.905771] PDE 258: 0
[197440.906054] PDE 259: 0
[197440.906339] PDE 260: 0
[197440.906627] PDE 261: 0
[197440.906897] PDE 262: 0
[197440.907163] PDE 263: 0
[197440.907447] PDE 264: 0
[197440.907733] PDE 265: 0
[197440.908020] PDE 266: 0
[197440.908305] PDE 267: 0
[197440.908585] PDE 268: 0
[197440.908844] PDE 269: 0
[197440.909115] PDE 270: 0
[197440.909401] PDE 271: 0
[197440.909688] PDE 272: 0
[197440.909956] PDE 273: 0
[197440.910249] PDE 274: 0
[197440.910531] PDE 275: 0
[197440.910790] PDE 276: 0
[197440.911060] PDE 277: 0
[197440.911345] PDE 278: 0
[197440.911630] PDE 279: 0
[197440.911890] PDE 280: 0
[197440.912167] PDE 281: 0
[197440.912451] PDE 282: 0
[197440.912739] PDE 283: 0
[197440.913001] PDE 284: 0
[197440.913312] PDE 285: 0
[197440.913593] PDE 286: 0
[197440.913853] PDE 287: 0
[197440.914123] PDE 288: 0
[197440.914406] PDE 289: 0
[197440.914689] PDE 290: 0
[197440.914954] PDE 291: 0
[197440.915253] PDE 292: 0
[197440.915532] PDE 293: 0
[197440.915791] PDE 294: 0
[197440.916041] PDE 295: 0
[197440.916351] PDE 296: 0
[197440.916633] PDE 297: 0
[197440.916896] PDE 298: 0
[197440.917167] PDE 299: 0
[197440.917452] PDE 300: 0
[197440.917739] PDE 301: 0
[197440.917998] PDE 302: 0
[197440.918299] PDE 303: 5ca01067
[197440.918620] PDE 304: 0
[197440.918888] PDE 305: 0
[197440.919151] PDE 306: 0
[197440.919442] PDE 307: 0
[197440.919728] PDE 308: 0
[197440.919987] PDE 309: 0
[197440.920296] PDE 310: 0
[197440.920576] PDE 311: 0
[197440.920833] PDE 312: 0
[197440.921085] PDE 313: 0
[197440.921399] PDE 314: 0
[197440.921685] PDE 315: 0
[197440.921959] PDE 316: 0
[197440.922246] PDE 317: 0
[197440.922535] PDE 318: 0
[197440.922797] PDE 319: 0
[197440.923048] PDE 320: 0
[197440.923357] PDE 321: 0
[197440.923641] PDE 322: 0
[197440.923900] PDE 323: 0
[197440.924154] PDE 324: 0
[197440.924475] PDE 325: 0
[197440.924770] PDE 326: 0
[197440.925020] PDE 327: 0
[197440.925316] PDE 328: 0
[197440.925597] PDE 329: 0
[197440.925856] PDE 330: 0
[197440.926109] PDE 331: 0
[197440.926407] PDE 332: 0
[197440.926694] PDE 333: 0
[197440.926956] PDE 334: 0
[197440.927207] PDE 335: 0
[197440.927519] PDE 336: 0
[197440.927813] PDE 337: 0
[197440.928065] PDE 338: 0
[197440.928358] PDE 339: 0
[197440.928638] PDE 340: 0
[197440.928901] PDE 341: 0
[197440.929153] PDE 342: 0
[197440.929452] PDE 343: 0
[197440.929737] PDE 344: 0
[197440.930000] PDE 345: 0
[197440.930279] PDE 346: 0
[197440.930582] PDE 347: 0
[197440.930849] PDE 348: 0
[197440.931104] PDE 349: 0
[197440.931392] PDE 350: 0
[197440.931694] PDE 351: 0
[197440.931952] PDE 352: 0
[197440.932201] PDE 353: 0
[197440.932493] PDE 354: 0
[197440.932788] PDE 355: 0
[197440.933036] PDE 356: 0
[197440.933316] PDE 357: 0
[197440.933620] PDE 358: 0
[197440.933877] PDE 359: 0
[197440.934127] PDE 360: 0
[197440.934407] PDE 361: 0
[197440.934706] PDE 362: 0
[197440.934965] PDE 363: 107d28067
[197440.935290] PDE 364: 0
[197440.935592] PDE 365: 0
[197440.935854] PDE 366: 0
[197440.936106] PDE 367: 0
[197440.936390] PDE 368: 0
[197440.936695] PDE 369: 0
[197440.936958] PDE 370: 0
[197440.937223] PDE 371: 0
[197440.937500] PDE 372: 0
[197440.937789] PDE 373: 0
[197440.938041] PDE 374: 0
[197440.938325] PDE 375: 0
[197440.938628] PDE 376: 0
[197440.938892] PDE 377: 0
[197440.939144] PDE 378: 0
[197440.939426] PDE 379: 0
[197440.939740] PDE 380: 0
[197440.939999] PDE 381: 0
[197440.940277] PDE 382: 0
[197440.940557] PDE 383: 0
[197440.940842] PDE 384: 0
[197440.941094] PDE 385: 0
[197440.941379] PDE 386: 0
[197440.941682] PDE 387: 0
[197440.941946] PDE 388: 0
[197440.942198] PDE 389: 0
[197440.942482] PDE 390: 0
[197440.942796] PDE 391: 0
[197440.943048] PDE 392: 0
[197440.943333] PDE 393: 0
[197440.943614] PDE 394: 0
[197440.943906] PDE 395: 0
[197440.944158] PDE 396: 0
[197440.944443] PDE 397: 0
[197440.944756] PDE 398: 0
[197440.945011] PDE 399: 0
[197440.945289] PDE 400: 0
[197440.945568] PDE 401: 0
[197440.945857] PDE 402: 0
[197440.946114] PDE 403: 0
[197440.946401] PDE 404: 0
[197440.946687] PDE 405: 0
[197440.946971] PDE 406: 0
[197440.947247] PDE 407: 0
[197440.947529] PDE 408: 0
[197440.947810] PDE 409: 0
[197440.948064] PDE 410: 0
[197440.948349] PDE 411: 0
[197440.948633] PDE 412: 0
[197440.948917] PDE 413: 0
[197440.949168] PDE 414: 0
[197440.949449] PDE 415: 0
[197440.949732] PDE 416: 0
[197440.950017] PDE 417: 0
[197440.950299] PDE 418: 0
[197440.950577] PDE 419: 0
[197440.950852] PDE 420: 0
[197440.951103] PDE 421: 0
[197440.951385] PDE 422: 0
[197440.951778] PDE 423: 0
[197440.952161] PDE 424: 0
[197440.952494] PDE 425: 0
[197440.952816] PDE 426: 0
[197440.953175] PDE 427: 133828067
[197440.953541] PDE 428: 0
[197440.953870] PDE 429: 0
[197440.954145] PDE 430: 0
[197440.954434] PDE 431: 0
[197440.954718] PDE 432: 0
[197440.954980] PDE 433: 0
[197440.955281] PDE 434: 0
[197440.955563] PDE 435: 0
[197440.955827] PDE 436: 0
[197440.956082] PDE 437: 0
[197440.956389] PDE 438: 0
[197440.956676] PDE 439: 0
[197440.956944] PDE 440: 0
[197440.957236] PDE 441: 0
[197440.957520] PDE 442: 0
[197440.957785] PDE 443: 0
[197440.958039] PDE 444: 0
[197440.958355] PDE 445: 0
[197440.958644] PDE 446: 0
[197440.958907] PDE 447: 0
[197440.959161] PDE 448: 0
[197440.959471] PDE 449: 0
[197440.959786] PDE 450: 0
[197440.960040] PDE 451: 0
[197440.960341] PDE 452: 0
[197440.960626] PDE 453: 0
[197440.960888] PDE 454: 0
[197440.961144] PDE 455: 0
[197440.961457] PDE 456: 0
